#
# There is insufficient memory for the Java Runtime Environment to continue.
# Native memory allocation (malloc) failed to allocate 1344832 bytes. Error detail: Chunk::new
# Possible reasons:
#   The system is out of physical RAM or swap space
#   This process is running with CompressedOops enabled, and the Java Heap may be blocking the growth of the native heap
# Possible solutions:
#   Reduce memory load on the system
#   Increase physical memory or swap space
#   Check if swap backing store is full
#   Decrease Java heap size (-Xmx/-Xms)
#   Decrease number of Java threads
#   Decrease Java thread stack sizes (-Xss)
#   Set larger code cache with -XX:ReservedCodeCacheSize=
#   JVM is running with Unscaled Compressed Oops mode in which the Java heap is
#     placed in the first 4GB address space. The Java Heap base address is the
#     maximum limit for the native heap growth. Please use -XX:HeapBaseMinAddress
#     to set the Java Heap base and to place the Java Heap above 4GB virtual address.
# This output file may be truncated or incomplete.
#
#  Out of Memory Error (arena.cpp:168), pid=2836, tid=1816
#
# JRE version: OpenJDK Runtime Environment Temurin-21.0.12.1+1 (21.0.12.1+1) (build 21.0.12.1+1-LTS)
# Java VM: OpenJDK 64-Bit Server VM Temurin-21.0.12.1+1 (21.0.12.1+1-LTS, mixed mode, sharing, tiered, compressed oops, compressed class ptrs, parallel gc, windows-amd64)
# No core dump will be written. Minidumps are not enabled by default on client versions of Windows
#

---------------  S U M M A R Y ------------

Command Line: --add-modules=ALL-SYSTEM --add-opens=java.base/java.util=ALL-UNNAMED --add-opens=java.base/java.lang=ALL-UNNAMED --add-opens=java.base/sun.nio.fs=ALL-UNNAMED -Declipse.application=org.eclipse.jdt.ls.core.id1 -Dosgi.bundles.defaultStartLevel=4 -Declipse.product=org.eclipse.jdt.ls.core.product -Djava.import.generatesMetadataFilesAtProjectRoot=false -Dm2e.project.cache.size=50 -DDetectVMInstallationsJob.disabled=true -Dfile.encoding=utf8 -XX:+UseParallelGC -XX:GCTimeRatio=4 -XX:AdaptiveSizePolicyWeight=90 -Dsun.zip.disableMemoryMapping=true -Xmx2G -Xms100m -Xlog:disable -javaagent:c:\Users\58769084\.vscode\extensions\redhat.java-1.56.0-win32-x64\lombok\lombok-1.18.39-4050.jar -XX:+HeapDumpOnOutOfMemoryError -XX:HeapDumpPath=c:\Users\58769084\AppData\Roaming\Code\User\workspaceStorage\f183437116053616420707e311afbfd2\redhat.java -Daether.dependencyCollector.impl=bf c:\Users\58769084\.vscode\extensions\redhat.java-1.56.0-win32-x64\server\plugins\org.eclipse.equinox.launcher_1.8.0.v20260804-1928.jar -configuration c:\Users\58769084\AppData\Roaming\Code\User\globalStorage\redhat.java\1.56.0\config_win -data c:\Users\58769084\AppData\Roaming\Code\User\workspaceStorage\f183437116053616420707e311afbfd2\redhat.java\jdt_ws --stdio

Host: Intel(R) Celeron(R) N4020 CPU @ 1.10GHz, 2 cores, 3G,  Windows 10 , 64 bit Build 19041 (10.0.19041.5915)
Time: Sun Sep 20 02:28:29 2026 Hora estándar de Montevideo elapsed time: 1884.345064 seconds (0d 0h 31m 24s)

---------------  T H R E A D  ---------------

Current thread (0x000001cef02fdfb0):  JavaThread "C2 CompilerThread0" daemon [_thread_in_native, id=1816, stack(0x000000b713900000,0x000000b713a00000) (1024K)]


Current CompileTask:
C2:1884345 26699   !   4       org.eclipse.jdt.internal.core.NameLookup::<init> (805 bytes)

Stack: [0x000000b713900000,0x000000b713a00000]
Native frames: (J=compiled Java code, j=interpreted, Vv=VM code, C=native code)
V  [jvm.dll+0x6d83e9]
V  [jvm.dll+0x8b5736]
V  [jvm.dll+0x8b7cee]
V  [jvm.dll+0x8b83d3]
V  [jvm.dll+0x284596]
V  [jvm.dll+0xc685d]
V  [jvm.dll+0xc6da1]
V  [jvm.dll+0x3bf18b]
V  [jvm.dll+0x1e4149]
V  [jvm.dll+0x24c853]
V  [jvm.dll+0x24bce0]
V  [jvm.dll+0x1cb4ae]
V  [jvm.dll+0x25baad]
V  [jvm.dll+0x25a03a]
V  [jvm.dll+0x3f8aae]
V  [jvm.dll+0x8600cd]
V  [jvm.dll+0x6d6c1d]
C  [ucrtbase.dll+0x21bb2]
C  [KERNEL32.DLL+0x17374]
C  [ntdll.dll+0x4cc91]


---------------  P R O C E S S  ---------------

Threads class SMR info:
_java_thread_list=0x000001ced9a16bb0, length=32, elements={
0x000001cef0450970, 0x000001cef02f4e80, 0x000001cef02f63d0, 0x000001cef02f9040,
0x000001cef02f9ca0, 0x000001cef02fc710, 0x000001cef02fd170, 0x000001cef02fdfb0,
0x000001cef036fd70, 0x000001cef8483d60, 0x000001cef865d2b0, 0x000001cef8c81f10,
0x000001cef8c76970, 0x000001cef8857c10, 0x000001cef8858650, 0x000001cef8b26030,
0x000001cef86ffbe0, 0x000001cef8830430, 0x000001cef8eaf580, 0x000001cef8eadb40,
0x000001cef8eac790, 0x000001cef8eae860, 0x000001cefee6e530, 0x000001cefee74e30,
0x000001cefe9346f0, 0x000001cefe0db500, 0x000001cefe0d8710, 0x000001cefe0d9ac0,
0x000001cefee747a0, 0x000001cefe0ddc60, 0x000001cefe0d8080, 0x000001cef8eac100
}

Java Threads: ( => current thread )
  0x000001cef0450970 JavaThread "main"                              [_thread_blocked, id=6364, stack(0x000000b712f00000,0x000000b713000000) (1024K)]
  0x000001cef02f4e80 JavaThread "Reference Handler"          daemon [_thread_blocked, id=2064, stack(0x000000b713300000,0x000000b713400000) (1024K)]
  0x000001cef02f63d0 JavaThread "Finalizer"                  daemon [_thread_blocked, id=10176, stack(0x000000b713400000,0x000000b713500000) (1024K)]
  0x000001cef02f9040 JavaThread "Signal Dispatcher"          daemon [_thread_blocked, id=1288, stack(0x000000b713500000,0x000000b713600000) (1024K)]
  0x000001cef02f9ca0 JavaThread "Attach Listener"            daemon [_thread_blocked, id=3020, stack(0x000000b713600000,0x000000b713700000) (1024K)]
  0x000001cef02fc710 JavaThread "Service Thread"             daemon [_thread_blocked, id=8744, stack(0x000000b713700000,0x000000b713800000) (1024K)]
  0x000001cef02fd170 JavaThread "Monitor Deflation Thread"   daemon [_thread_blocked, id=4012, stack(0x000000b713800000,0x000000b713900000) (1024K)]
=>0x000001cef02fdfb0 JavaThread "C2 CompilerThread0"         daemon [_thread_in_native, id=1816, stack(0x000000b713900000,0x000000b713a00000) (1024K)]
  0x000001cef036fd70 JavaThread "C1 CompilerThread0"         daemon [_thread_blocked, id=2692, stack(0x000000b713a00000,0x000000b713b00000) (1024K)]
  0x000001cef8483d60 JavaThread "Common-Cleaner"             daemon [_thread_blocked, id=10156, stack(0x000000b713b00000,0x000000b713c00000) (1024K)]
  0x000001cef865d2b0 JavaThread "Notification Thread"        daemon [_thread_blocked, id=1344, stack(0x000000b713c00000,0x000000b713d00000) (1024K)]
  0x000001cef8c81f10 JavaThread "Active Thread: Equinox Container: f5a1ee53-c519-481f-97d4-8328783611e4"        [_thread_blocked, id=4548, stack(0x000000b713e00000,0x000000b713f00000) (1024K)]
  0x000001cef8c76970 JavaThread "Refresh Thread: Equinox Container: f5a1ee53-c519-481f-97d4-8328783611e4" daemon [_thread_blocked, id=11132, stack(0x000000b713f00000,0x000000b714000000) (1024K)]
  0x000001cef8857c10 JavaThread "Framework Event Dispatcher: Equinox Container: f5a1ee53-c519-481f-97d4-8328783611e4" daemon [_thread_blocked, id=1820, stack(0x000000b714000000,0x000000b714100000) (1024K)]
  0x000001cef8858650 JavaThread "Start Level: Equinox Container: f5a1ee53-c519-481f-97d4-8328783611e4" daemon [_thread_blocked, id=11192, stack(0x000000b714100000,0x000000b714200000) (1024K)]
  0x000001cef8b26030 JavaThread "Bundle File Closer"         daemon [_thread_blocked, id=11224, stack(0x000000b714200000,0x000000b714300000) (1024K)]
  0x000001cef86ffbe0 JavaThread "SCR Component Actor"        daemon [_thread_blocked, id=3008, stack(0x000000b714300000,0x000000b714400000) (1024K)]
  0x000001cef8830430 JavaThread "Worker-JM"                         [_thread_blocked, id=1068, stack(0x000000b714400000,0x000000b714500000) (1024K)]
  0x000001cef8eaf580 JavaThread "JNA Cleaner"                daemon [_thread_blocked, id=6428, stack(0x000000b714500000,0x000000b714600000) (1024K)]
  0x000001cef8eadb40 JavaThread "Java indexing"              daemon [_thread_blocked, id=9900, stack(0x000000b714900000,0x000000b714a00000) (1024K)]
  0x000001cef8eac790 JavaThread "Worker-3"                          [_thread_blocked, id=10040, stack(0x000000b714c00000,0x000000b714d00000) (1024K)]
  0x000001cef8eae860 JavaThread "pool-2-thread-1"                   [_thread_blocked, id=3628, stack(0x000000b714e00000,0x000000b714f00000) (1024K)]
  0x000001cefee6e530 JavaThread "WorkspaceEventsHandler"            [_thread_blocked, id=9968, stack(0x000000b714f00000,0x000000b715000000) (1024K)]
  0x000001cefee74e30 JavaThread "pool-1-thread-1"                   [_thread_blocked, id=11228, stack(0x000000b715000000,0x000000b715100000) (1024K)]
  0x000001cefe9346f0 JavaThread "Cleaner-0"                  daemon [_thread_blocked, id=11188, stack(0x000000b715900000,0x000000b715a00000) (1024K)]
  0x000001cefe0db500 JavaThread "PatternSearchJob-worker-2"  daemon [_thread_blocked, id=9348, stack(0x000000b714600000,0x000000b714700000) (1024K)]
  0x000001cefe0d8710 JavaThread "Worker-7"                          [_thread_blocked, id=3780, stack(0x000000b712e00000,0x000000b712f00000) (1024K)]
  0x000001cefe0d9ac0 JavaThread "HttpClient-1-SelectorManager" daemon [_thread_in_native, id=10908, stack(0x000000b714800000,0x000000b714900000) (1024K)]
  0x000001cefee747a0 JavaThread "Worker-10"                         [_thread_blocked, id=11588, stack(0x000000b715300000,0x000000b715400000) (1024K)]
  0x000001cefe0ddc60 JavaThread "Worker-11"                         [_thread_blocked, id=8764, stack(0x000000b715400000,0x000000b715500000) (1024K)]
  0x000001cefe0d8080 JavaThread "HttpClient-2-SelectorManager" daemon [_thread_in_native, id=11580, stack(0x000000b714700000,0x000000b714800000) (1024K)]
  0x000001cef8eac100 JavaThread "Compiler Processing Task"   daemon [_thread_blocked, id=10824, stack(0x000000b714a00000,0x000000b714b00000) (1024K)]
Total: 32

Other Threads:
  0x000001cef02db420 VMThread "VM Thread"                           [id=6160, stack(0x000000b713200000,0x000000b713300000) (1024K)]
  0x000001ceee23a0f0 WatcherThread "VM Periodic Task Thread"        [id=4160, stack(0x000000b713100000,0x000000b713200000) (1024K)]
  0x000001cef046e930 WorkerThread "GC Thread#0"                     [id=5380, stack(0x000000b713000000,0x000000b713100000) (1024K)]
  0x000001cef87a7d40 WorkerThread "GC Thread#1"                     [id=10700, stack(0x000000b713d00000,0x000000b713e00000) (1024K)]
Total: 4

Threads with active compile tasks:
C2 CompilerThread0  1884426 26699   !   4       org.eclipse.jdt.internal.core.NameLookup::<init> (805 bytes)
Total: 1

VM state: at safepoint (normal execution)

VM Mutex/Monitor currently owned by a thread:  ([mutex/lock_event])
[0x00007ffbeecef5b0] Threads_lock - owner thread: 0x000001cef02db420
[0x00007ffbeecef6b0] Heap_lock - owner thread: 0x000001cefee74e30

Heap address: 0x0000000080000000, size: 2048 MB, Compressed Oops mode: 32-bit

CDS archive(s) mapped at: [0x000001ce8f000000-0x000001ce8fba0000-0x000001ce8fba0000), size 12189696, SharedBaseAddress: 0x000001ce8f000000, ArchiveRelocationMode: 1.
Compressed class space mapped at: 0x000001ce90000000-0x000001ced0000000, reserved size: 1073741824
Narrow klass base: 0x000001ce8f000000, Narrow klass shift: 0, Narrow klass range: 0x100000000

GC Precious Log:
 CardTable entry size: 512
 CPUs: 2 total, 2 available
 Memory: 3919M
 Large Page Support: Disabled
 NUMA Support: Disabled
 Compressed Oops: Enabled (32-bit)
 Alignments: Space 512K, Generation 512K, Heap 2M
 Heap Min Capacity: 100M
 Heap Initial Capacity: 100M
 Heap Max Capacity: 2G
 Pre-touch: Disabled
 Parallel Workers: 2

Heap:
 PSYoungGen      total 3584K, used 3040K [0x00000000d5580000, 0x00000000d5b80000, 0x0000000100000000)
  eden space 1536K, 100% used [0x00000000d5580000,0x00000000d5700000,0x00000000d5700000)
  from space 2048K, 73% used [0x00000000d5700000,0x00000000d5878000,0x00000000d5900000)
  to   space 2048K, 37% used [0x00000000d5980000,0x00000000d5a40000,0x00000000d5b80000)
 ParOldGen       total 1190400K, used 1190396K [0x0000000080000000, 0x00000000c8a80000, 0x00000000d5580000)
  object space 1190400K, 99% used [0x0000000080000000,0x00000000c8a7f3d8,0x00000000c8a80000)
 Metaspace       used 96494K, committed 98432K, reserved 1179648K
  class space    used 9745K, committed 10560K, reserved 1048576K

Card table byte_map: [0x000001ceefe00000,0x000001cef0210000] _byte_map_base: 0x000001ceefa00000

Marking Bits: (ParMarkBitMap*) 0x00007ffbeecf44a0
 Begin Bits: [0x000001cef3910000, 0x000001cef5910000)
 End Bits:   [0x000001cef5910000, 0x000001cef7910000)

Polling page: 0x000001ceee190000

Metaspace:

Usage:
  Non-class:     84.72 MB used.
      Class:      9.52 MB used.
       Both:     94.23 MB used.

Virtual space:
  Non-class space:      128.00 MB reserved,      85.81 MB ( 67%) committed,  2 nodes.
      Class space:        1.00 GB reserved,      10.31 MB (  1%) committed,  1 nodes.
             Both:        1.12 GB reserved,      96.12 MB (  8%) committed. 

Chunk freelists:
   Non-Class:  9.56 MB
       Class:  5.57 MB
        Both:  15.13 MB

MaxMetaspaceSize: unlimited
CompressedClassSpaceSize: 1.00 GB
Initial GC threshold: 21.00 MB
Current GC threshold: 122.94 MB
CDS: on
 - commit_granule_bytes: 65536.
 - commit_granule_words: 8192.
 - virtual_space_node_default_size: 8388608.
 - enlarge_chunks_in_place: 1.
 - use_allocation_guard: 0.


Internal statistics:

num_allocs_failed_limit: 9.
num_arena_births: 1886.
num_arena_deaths: 16.
num_vsnodes_births: 3.
num_vsnodes_deaths: 0.
num_space_committed: 1538.
num_space_uncommitted: 0.
num_chunks_returned_to_freelist: 25.
num_chunks_taken_from_freelist: 6586.
num_chunk_merges: 15.
num_chunk_splits: 3987.
num_chunks_enlarged: 2244.
num_inconsistent_stats: 0.

CodeHeap 'non-profiled nmethods': size=120064Kb used=26893Kb max_used=26893Kb free=93170Kb
 bounds [0x000001ce87ac0000, 0x000001ce89510000, 0x000001ce8f000000]
CodeHeap 'profiled nmethods': size=120000Kb used=68383Kb max_used=68383Kb free=51616Kb
 bounds [0x000001ce80000000, 0x000001ce842d0000, 0x000001ce87530000]
CodeHeap 'non-nmethods': size=5696Kb used=1528Kb max_used=1587Kb free=4167Kb
 bounds [0x000001ce87530000, 0x000001ce877a0000, 0x000001ce87ac0000]
CodeCache: size=245760Kb, used=96804Kb, max_used=96863Kb, free=148953Kb
 total_blobs=26048, nmethods=25198, adapters=751, full_count=0
Compilation: enabled, stopped_count=0, restarted_count=0

Compilation events (20 events):
Event: 1883.687 Thread 0x000001cef02fdfb0 nmethod 26698 0x000001ce89503310 code [0x000001ce895034a0, 0x000001ce89503678]
Event: 1883.730 Thread 0x000001cef02fdfb0 26699   !   4       org.eclipse.jdt.internal.core.NameLookup::<init> (805 bytes)
Event: 1883.737 Thread 0x000001cef036fd70 26701       3       org.eclipse.jdt.internal.core.JavaModel::getTarget (11 bytes)
Event: 1883.738 Thread 0x000001cef036fd70 nmethod 26701 0x000001ce842bf590 code [0x000001ce842bf780, 0x000001ce842bfb50]
Event: 1883.738 Thread 0x000001cef036fd70 26702       3       org.eclipse.jdt.internal.core.search.matching.ClasspathSourceDirectory::<init> (31 bytes)
Event: 1883.739 Thread 0x000001cef036fd70 nmethod 26702 0x000001ce842bfd10 code [0x000001ce842bfee0, 0x000001ce842c02a8]
Event: 1883.953 Thread 0x000001cef036fd70 26703       3       org.eclipse.jdt.internal.compiler.classfmt.MethodInfo::decodeParamAnnotations (125 bytes)
Event: 1883.956 Thread 0x000001cef036fd70 nmethod 26703 0x000001ce842c0410 code [0x000001ce842c0620, 0x000001ce842c0e38]
Event: 1884.111 Thread 0x000001cef036fd70 26704   !   3       org.eclipse.jdt.internal.compiler.ClassFile::addSpecialMethods (553 bytes)
Event: 1884.119 Thread 0x000001cef036fd70 nmethod 26704 0x000001ce842c1210 code [0x000001ce842c1600, 0x000001ce842c2f18]
Event: 1884.119 Thread 0x000001cef036fd70 26705       3       org.eclipse.jdt.internal.compiler.ClassFile::recordInnerClasses (7 bytes)
Event: 1884.120 Thread 0x000001cef036fd70 nmethod 26705 0x000001ce842c3890 code [0x000001ce842c3a40, 0x000001ce842c3b88]
Event: 1884.214 Thread 0x000001cef036fd70 26706       3       java.util.GregorianCalendar::<init> (56 bytes)
Event: 1884.216 Thread 0x000001cef036fd70 nmethod 26706 0x000001ce842c3c10 code [0x000001ce842c3de0, 0x000001ce842c4188]
Event: 1884.240 Thread 0x000001cef036fd70 26707       3       org.eclipse.jdt.internal.core.search.BasicSearchEngine$6::acceptIndexMatch (302 bytes)
Event: 1884.242 Thread 0x000001cef036fd70 nmethod 26707 0x000001ce842c4310 code [0x000001ce842c4580, 0x000001ce842c5100]
Event: 1884.301 Thread 0x000001cef036fd70 26708   !   3       org.eclipse.core.internal.preferences.legacy.PreferenceForwarder::getPluginPreferences (60 bytes)
Event: 1884.302 Thread 0x000001cef036fd70 nmethod 26708 0x000001ce842c5490 code [0x000001ce842c56a0, 0x000001ce842c5d18]
Event: 1884.303 Thread 0x000001cef036fd70 26709       3       org.eclipse.jdt.core.JavaConventions::validateCompilationUnitName (157 bytes)
Event: 1884.305 Thread 0x000001cef036fd70 nmethod 26709 0x000001ce842c5f90 code [0x000001ce842c6360, 0x000001ce842c76f8]

GC Heap History (20 events):
Event: 1883.717 GC heap before
{Heap before GC invocations=2341 (full 4):
 PSYoungGen      total 4096K, used 3936K [0x00000000d5580000, 0x00000000d5b00000, 0x0000000100000000)
  eden space 3072K, 100% used [0x00000000d5580000,0x00000000d5880000,0x00000000d5880000)
  from space 1024K, 84% used [0x00000000d5a00000,0x00000000d5ad8018,0x00000000d5b00000)
  to   space 1024K, 0% used [0x00000000d5880000,0x00000000d5880000,0x00000000d5980000)
 ParOldGen       total 1181696K, used 1181592K [0x0000000080000000, 0x00000000c8200000, 0x00000000d5580000)
  object space 1181696K, 99% used [0x0000000080000000,0x00000000c81e6348,0x00000000c8200000)
 Metaspace       used 96479K, committed 98432K, reserved 1179648K
  class space    used 9745K, committed 10560K, reserved 1048576K
}
Event: 1883.727 GC heap after
{Heap after GC invocations=2341 (full 4):
 PSYoungGen      total 4096K, used 384K [0x00000000d5580000, 0x00000000d5a80000, 0x0000000100000000)
  eden space 3072K, 0% used [0x00000000d5580000,0x00000000d5580000,0x00000000d5880000)
  from space 1024K, 37% used [0x00000000d5880000,0x00000000d58e0000,0x00000000d5980000)
  to   space 1024K, 0% used [0x00000000d5980000,0x00000000d5980000,0x00000000d5a80000)
 ParOldGen       total 1182720K, used 1182262K [0x0000000080000000, 0x00000000c8300000, 0x00000000d5580000)
  object space 1182720K, 99% used [0x0000000080000000,0x00000000c828dad8,0x00000000c8300000)
 Metaspace       used 96479K, committed 98432K, reserved 1179648K
  class space    used 9745K, committed 10560K, reserved 1048576K
}
Event: 1883.745 GC heap before
{Heap before GC invocations=2342 (full 4):
 PSYoungGen      total 4096K, used 3456K [0x00000000d5580000, 0x00000000d5a80000, 0x0000000100000000)
  eden space 3072K, 100% used [0x00000000d5580000,0x00000000d5880000,0x00000000d5880000)
  from space 1024K, 37% used [0x00000000d5880000,0x00000000d58e0000,0x00000000d5980000)
  to   space 1024K, 0% used [0x00000000d5980000,0x00000000d5980000,0x00000000d5a80000)
 ParOldGen       total 1182720K, used 1182262K [0x0000000080000000, 0x00000000c8300000, 0x00000000d5580000)
  object space 1182720K, 99% used [0x0000000080000000,0x00000000c828dad8,0x00000000c8300000)
 Metaspace       used 96479K, committed 98432K, reserved 1179648K
  class space    used 9745K, committed 10560K, reserved 1048576K
}
Event: 1883.751 GC heap after
{Heap after GC invocations=2342 (full 4):
 PSYoungGen      total 4096K, used 544K [0x00000000d5580000, 0x00000000d5a80000, 0x0000000100000000)
  eden space 3072K, 0% used [0x00000000d5580000,0x00000000d5580000,0x00000000d5880000)
  from space 1024K, 53% used [0x00000000d5980000,0x00000000d5a08000,0x00000000d5a80000)
  to   space 1024K, 0% used [0x00000000d5880000,0x00000000d5880000,0x00000000d5980000)
 ParOldGen       total 1182720K, used 1182558K [0x0000000080000000, 0x00000000c8300000, 0x00000000d5580000)
  object space 1182720K, 99% used [0x0000000080000000,0x00000000c82d7ae8,0x00000000c8300000)
 Metaspace       used 96479K, committed 98432K, reserved 1179648K
  class space    used 9745K, committed 10560K, reserved 1048576K
}
Event: 1883.769 GC heap before
{Heap before GC invocations=2343 (full 4):
 PSYoungGen      total 4096K, used 3614K [0x00000000d5580000, 0x00000000d5a80000, 0x0000000100000000)
  eden space 3072K, 99% used [0x00000000d5580000,0x00000000d587fae8,0x00000000d5880000)
  from space 1024K, 53% used [0x00000000d5980000,0x00000000d5a08000,0x00000000d5a80000)
  to   space 1024K, 0% used [0x00000000d5880000,0x00000000d5880000,0x00000000d5980000)
 ParOldGen       total 1182720K, used 1182558K [0x0000000080000000, 0x00000000c8300000, 0x00000000d5580000)
  object space 1182720K, 99% used [0x0000000080000000,0x00000000c82d7ae8,0x00000000c8300000)
 Metaspace       used 96479K, committed 98432K, reserved 1179648K
  class space    used 9745K, committed 10560K, reserved 1048576K
}
Event: 1883.777 GC heap after
{Heap after GC invocations=2343 (full 4):
 PSYoungGen      total 4096K, used 565K [0x00000000d5580000, 0x00000000d5b80000, 0x0000000100000000)
  eden space 3072K, 0% used [0x00000000d5580000,0x00000000d5580000,0x00000000d5880000)
  from space 1024K, 55% used [0x00000000d5880000,0x00000000d590d600,0x00000000d5980000)
  to   space 1024K, 0% used [0x00000000d5a80000,0x00000000d5a80000,0x00000000d5b80000)
 ParOldGen       total 1183232K, used 1183070K [0x0000000080000000, 0x00000000c8380000, 0x00000000d5580000)
  object space 1183232K, 99% used [0x0000000080000000,0x00000000c8357af8,0x00000000c8380000)
 Metaspace       used 96479K, committed 98432K, reserved 1179648K
  class space    used 9745K, committed 10560K, reserved 1048576K
}
Event: 1883.814 GC heap before
{Heap before GC invocations=2344 (full 4):
 PSYoungGen      total 4096K, used 3637K [0x00000000d5580000, 0x00000000d5b80000, 0x0000000100000000)
  eden space 3072K, 100% used [0x00000000d5580000,0x00000000d5880000,0x00000000d5880000)
  from space 1024K, 55% used [0x00000000d5880000,0x00000000d590d600,0x00000000d5980000)
  to   space 1024K, 0% used [0x00000000d5a80000,0x00000000d5a80000,0x00000000d5b80000)
 ParOldGen       total 1183232K, used 1183070K [0x0000000080000000, 0x00000000c8380000, 0x00000000d5580000)
  object space 1183232K, 99% used [0x0000000080000000,0x00000000c8357af8,0x00000000c8380000)
 Metaspace       used 96479K, committed 98432K, reserved 1179648K
  class space    used 9745K, committed 10560K, reserved 1048576K
}
Event: 1883.821 GC heap after
{Heap after GC invocations=2344 (full 4):
 PSYoungGen      total 3584K, used 320K [0x00000000d5580000, 0x00000000d5b00000, 0x0000000100000000)
  eden space 3072K, 0% used [0x00000000d5580000,0x00000000d5580000,0x00000000d5880000)
  from space 512K, 62% used [0x00000000d5a80000,0x00000000d5ad0000,0x00000000d5b00000)
  to   space 512K, 0% used [0x00000000d5a00000,0x00000000d5a00000,0x00000000d5a80000)
 ParOldGen       total 1183744K, used 1183572K [0x0000000080000000, 0x00000000c8400000, 0x00000000d5580000)
  object space 1183744K, 99% used [0x0000000080000000,0x00000000c83d5240,0x00000000c8400000)
 Metaspace       used 96479K, committed 98432K, reserved 1179648K
  class space    used 9745K, committed 10560K, reserved 1048576K
}
Event: 1883.940 GC heap before
{Heap before GC invocations=2345 (full 4):
 PSYoungGen      total 3584K, used 3392K [0x00000000d5580000, 0x00000000d5b00000, 0x0000000100000000)
  eden space 3072K, 100% used [0x00000000d5580000,0x00000000d5880000,0x00000000d5880000)
  from space 512K, 62% used [0x00000000d5a80000,0x00000000d5ad0000,0x00000000d5b00000)
  to   space 512K, 0% used [0x00000000d5a00000,0x00000000d5a00000,0x00000000d5a80000)
 ParOldGen       total 1183744K, used 1183572K [0x0000000080000000, 0x00000000c8400000, 0x00000000d5580000)
  object space 1183744K, 99% used [0x0000000080000000,0x00000000c83d5240,0x00000000c8400000)
 Metaspace       used 96479K, committed 98432K, reserved 1179648K
  class space    used 9745K, committed 10560K, reserved 1048576K
}
Event: 1883.950 GC heap after
{Heap after GC invocations=2345 (full 4):
 PSYoungGen      total 3584K, used 480K [0x00000000d5580000, 0x00000000d5b00000, 0x0000000100000000)
  eden space 3072K, 0% used [0x00000000d5580000,0x00000000d5580000,0x00000000d5880000)
  from space 512K, 93% used [0x00000000d5a00000,0x00000000d5a78000,0x00000000d5a80000)
  to   space 512K, 0% used [0x00000000d5a80000,0x00000000d5a80000,0x00000000d5b00000)
 ParOldGen       total 1184256K, used 1183836K [0x0000000080000000, 0x00000000c8480000, 0x00000000d5580000)
  object space 1184256K, 99% used [0x0000000080000000,0x00000000c8417240,0x00000000c8480000)
 Metaspace       used 96479K, committed 98432K, reserved 1179648K
  class space    used 9745K, committed 10560K, reserved 1048576K
}
Event: 1884.016 GC heap before
{Heap before GC invocations=2346 (full 4):
 PSYoungGen      total 3584K, used 3552K [0x00000000d5580000, 0x00000000d5b00000, 0x0000000100000000)
  eden space 3072K, 100% used [0x00000000d5580000,0x00000000d5880000,0x00000000d5880000)
  from space 512K, 93% used [0x00000000d5a00000,0x00000000d5a78000,0x00000000d5a80000)
  to   space 512K, 0% used [0x00000000d5a80000,0x00000000d5a80000,0x00000000d5b00000)
 ParOldGen       total 1184256K, used 1183836K [0x0000000080000000, 0x00000000c8480000, 0x00000000d5580000)
  object space 1184256K, 99% used [0x0000000080000000,0x00000000c8417240,0x00000000c8480000)
 Metaspace       used 96479K, committed 98432K, reserved 1179648K
  class space    used 9745K, committed 10560K, reserved 1048576K
}
Event: 1884.029 GC heap after
{Heap after GC invocations=2346 (full 4):
 PSYoungGen      total 2048K, used 481K [0x00000000d5580000, 0x00000000d5f80000, 0x0000000100000000)
  eden space 1536K, 0% used [0x00000000d5580000,0x00000000d5580000,0x00000000d5700000)
  from space 512K, 93% used [0x00000000d5a80000,0x00000000d5af8480,0x00000000d5b00000)
  to   space 3584K, 0% used [0x00000000d5700000,0x00000000d5700000,0x00000000d5a80000)
 ParOldGen       total 1186304K, used 1186141K [0x0000000080000000, 0x00000000c8680000, 0x00000000d5580000)
  object space 1186304K, 99% used [0x0000000080000000,0x00000000c86576d0,0x00000000c8680000)
 Metaspace       used 96479K, committed 98432K, reserved 1179648K
  class space    used 9745K, committed 10560K, reserved 1048576K
}
Event: 1884.078 GC heap before
{Heap before GC invocations=2347 (full 4):
 PSYoungGen      total 2048K, used 2013K [0x00000000d5580000, 0x00000000d5f80000, 0x0000000100000000)
  eden space 1536K, 99% used [0x00000000d5580000,0x00000000d56ff288,0x00000000d5700000)
  from space 512K, 93% used [0x00000000d5a80000,0x00000000d5af8480,0x00000000d5b00000)
  to   space 3584K, 0% used [0x00000000d5700000,0x00000000d5700000,0x00000000d5a80000)
 ParOldGen       total 1186304K, used 1186141K [0x0000000080000000, 0x00000000c8680000, 0x00000000d5580000)
  object space 1186304K, 99% used [0x0000000080000000,0x00000000c86576d0,0x00000000c8680000)
 Metaspace       used 96479K, committed 98432K, reserved 1179648K
  class space    used 9745K, committed 10560K, reserved 1048576K
}
Event: 1884.088 GC heap after
{Heap after GC invocations=2347 (full 4):
 PSYoungGen      total 3072K, used 1361K [0x00000000d5580000, 0x00000000d5b00000, 0x0000000100000000)
  eden space 1536K, 0% used [0x00000000d5580000,0x00000000d5580000,0x00000000d5700000)
  from space 1536K, 88% used [0x00000000d5700000,0x00000000d5854578,0x00000000d5880000)
  to   space 2048K, 0% used [0x00000000d5900000,0x00000000d5900000,0x00000000d5b00000)
 ParOldGen       total 1186816K, used 1186629K [0x0000000080000000, 0x00000000c8700000, 0x00000000d5580000)
  object space 1186816K, 99% used [0x0000000080000000,0x00000000c86d1758,0x00000000c8700000)
 Metaspace       used 96479K, committed 98432K, reserved 1179648K
  class space    used 9745K, committed 10560K, reserved 1048576K
}
Event: 1884.147 GC heap before
{Heap before GC invocations=2348 (full 4):
 PSYoungGen      total 3072K, used 2897K [0x00000000d5580000, 0x00000000d5b00000, 0x0000000100000000)
  eden space 1536K, 100% used [0x00000000d5580000,0x00000000d5700000,0x00000000d5700000)
  from space 1536K, 88% used [0x00000000d5700000,0x00000000d5854578,0x00000000d5880000)
  to   space 2048K, 0% used [0x00000000d5900000,0x00000000d5900000,0x00000000d5b00000)
 ParOldGen       total 1186816K, used 1186629K [0x0000000080000000, 0x00000000c8700000, 0x00000000d5580000)
  object space 1186816K, 99% used [0x0000000080000000,0x00000000c86d1758,0x00000000c8700000)
 Metaspace       used 96492K, committed 98432K, reserved 1179648K
  class space    used 9745K, committed 10560K, reserved 1048576K
}
Event: 1884.165 GC heap after
{Heap after GC invocations=2348 (full 4):
 PSYoungGen      total 2048K, used 320K [0x00000000d5580000, 0x00000000d5980000, 0x0000000100000000)
  eden space 1536K, 0% used [0x00000000d5580000,0x00000000d5580000,0x00000000d5700000)
  from space 512K, 62% used [0x00000000d5900000,0x00000000d5950000,0x00000000d5980000)
  to   space 1024K, 0% used [0x00000000d5780000,0x00000000d5780000,0x00000000d5880000)
 ParOldGen       total 1188352K, used 1187925K [0x0000000080000000, 0x00000000c8880000, 0x00000000d5580000)
  object space 1188352K, 99% used [0x0000000080000000,0x00000000c8815758,0x00000000c8880000)
 Metaspace       used 96492K, committed 98432K, reserved 1179648K
  class space    used 9745K, committed 10560K, reserved 1048576K
}
Event: 1884.272 GC heap before
{Heap before GC invocations=2349 (full 4):
 PSYoungGen      total 2048K, used 1855K [0x00000000d5580000, 0x00000000d5980000, 0x0000000100000000)
  eden space 1536K, 99% used [0x00000000d5580000,0x00000000d56fffe0,0x00000000d5700000)
  from space 512K, 62% used [0x00000000d5900000,0x00000000d5950000,0x00000000d5980000)
  to   space 1024K, 0% used [0x00000000d5780000,0x00000000d5780000,0x00000000d5880000)
 ParOldGen       total 1188352K, used 1187925K [0x0000000080000000, 0x00000000c8880000, 0x00000000d5580000)
  object space 1188352K, 99% used [0x0000000080000000,0x00000000c8815758,0x00000000c8880000)
 Metaspace       used 96494K, committed 98432K, reserved 1179648K
  class space    used 9745K, committed 10560K, reserved 1048576K
}
Event: 1884.283 GC heap after
{Heap after GC invocations=2349 (full 4):
 PSYoungGen      total 2560K, used 418K [0x00000000d5580000, 0x00000000d5980000, 0x0000000100000000)
  eden space 1536K, 0% used [0x00000000d5580000,0x00000000d5580000,0x00000000d5700000)
  from space 1024K, 40% used [0x00000000d5780000,0x00000000d57e8900,0x00000000d5880000)
  to   space 512K, 0% used [0x00000000d5900000,0x00000000d5900000,0x00000000d5980000)
 ParOldGen       total 1188352K, used 1188146K [0x0000000080000000, 0x00000000c8880000, 0x00000000d5580000)
  object space 1188352K, 99% used [0x0000000080000000,0x00000000c884cad8,0x00000000c8880000)
 Metaspace       used 96494K, committed 98432K, reserved 1179648K
  class space    used 9745K, committed 10560K, reserved 1048576K
}
Event: 1884.315 GC heap before
{Heap before GC invocations=2350 (full 4):
 PSYoungGen      total 2560K, used 1954K [0x00000000d5580000, 0x00000000d5980000, 0x0000000100000000)
  eden space 1536K, 100% used [0x00000000d5580000,0x00000000d5700000,0x00000000d5700000)
  from space 1024K, 40% used [0x00000000d5780000,0x00000000d57e8900,0x00000000d5880000)
  to   space 512K, 0% used [0x00000000d5900000,0x00000000d5900000,0x00000000d5980000)
 ParOldGen       total 1188352K, used 1188146K [0x0000000080000000, 0x00000000c8880000, 0x00000000d5580000)
  object space 1188352K, 99% used [0x0000000080000000,0x00000000c884cad8,0x00000000c8880000)
 Metaspace       used 96494K, committed 98432K, reserved 1179648K
  class space    used 9745K, committed 10560K, reserved 1048576K
}
Event: 1884.322 GC heap after
{Heap after GC invocations=2350 (full 4):
 PSYoungGen      total 2048K, used 512K [0x00000000d5580000, 0x00000000d5b00000, 0x0000000100000000)
  eden space 1536K, 0% used [0x00000000d5580000,0x00000000d5580000,0x00000000d5700000)
  from space 512K, 100% used [0x00000000d5900000,0x00000000d5980000,0x00000000d5980000)
  to   space 2048K, 0% used [0x00000000d5700000,0x00000000d5700000,0x00000000d5900000)
 ParOldGen       total 1189376K, used 1189092K [0x0000000080000000, 0x00000000c8980000, 0x00000000d5580000)
  object space 1189376K, 99% used [0x0000000080000000,0x00000000c89393d8,0x00000000c8980000)
 Metaspace       used 96494K, committed 98432K, reserved 1179648K
  class space    used 9745K, committed 10560K, reserved 1048576K
}

Dll operation events (20 events):
Event: 1.145 Attempting to load shared library C:\Users\58769084\.vscode\extensions\redhat.java-1.56.0-win32-x64\jre\21.0.12.1-win32-x86_64\bin\instrument.dll
Event: 1.145 Loaded shared library C:\Users\58769084\.vscode\extensions\redhat.java-1.56.0-win32-x64\jre\21.0.12.1-win32-x86_64\bin\instrument.dll
Event: 1.156 Attempting to load shared library C:\Users\58769084\.vscode\extensions\redhat.java-1.56.0-win32-x64\jre\21.0.12.1-win32-x86_64\bin\net.dll
Event: 1.157 Loaded shared library C:\Users\58769084\.vscode\extensions\redhat.java-1.56.0-win32-x64\jre\21.0.12.1-win32-x86_64\bin\net.dll
Event: 1.247 Attempting to load shared library C:\Users\58769084\.vscode\extensions\redhat.java-1.56.0-win32-x64\jre\21.0.12.1-win32-x86_64\bin\nio.dll
Event: 1.248 Loaded shared library C:\Users\58769084\.vscode\extensions\redhat.java-1.56.0-win32-x64\jre\21.0.12.1-win32-x86_64\bin\nio.dll
Event: 1.254 Attempting to load shared library C:\Users\58769084\.vscode\extensions\redhat.java-1.56.0-win32-x64\jre\21.0.12.1-win32-x86_64\bin\zip.dll
Event: 1.254 Loaded shared library C:\Users\58769084\.vscode\extensions\redhat.java-1.56.0-win32-x64\jre\21.0.12.1-win32-x86_64\bin\zip.dll
Event: 1.491 Attempting to load shared library C:\Users\58769084\.vscode\extensions\redhat.java-1.56.0-win32-x64\jre\21.0.12.1-win32-x86_64\bin\jimage.dll
Event: 1.491 Loaded shared library C:\Users\58769084\.vscode\extensions\redhat.java-1.56.0-win32-x64\jre\21.0.12.1-win32-x86_64\bin\jimage.dll
Event: 2.239 Attempting to load shared library c:\Users\58769084\.vscode\extensions\redhat.java-1.56.0-win32-x64\jre\21.0.12.1-win32-x86_64\bin\verify.dll
Event: 2.239 Loaded shared library c:\Users\58769084\.vscode\extensions\redhat.java-1.56.0-win32-x64\jre\21.0.12.1-win32-x86_64\bin\verify.dll
Event: 6.376 Attempting to load shared library C:\Users\58769084\AppData\Roaming\Code\User\globalStorage\redhat.java\1.56.0\config_win\org.eclipse.equinox.launcher\org.eclipse.equinox.launcher.win32.win32.x86_64_1.3.100.v20260804-1928\eclipse_11924.dll
Event: 6.378 Loaded shared library C:\Users\58769084\AppData\Roaming\Code\User\globalStorage\redhat.java\1.56.0\config_win\org.eclipse.equinox.launcher\org.eclipse.equinox.launcher.win32.win32.x86_64_1.3.100.v20260804-1928\eclipse_11924.dll
Event: 13.933 Attempting to load shared library C:\Users\58769084\AppData\Local\Temp\jna-1961452565\jna9887098642481253540.dll
Event: 14.159 Loaded shared library C:\Users\58769084\AppData\Local\Temp\jna-1961452565\jna9887098642481253540.dll
Event: 1341.321 Attempting to load shared library C:\Users\58769084\.vscode\extensions\redhat.java-1.56.0-win32-x64\jre\21.0.12.1-win32-x86_64\bin\sunmscapi.dll
Event: 1341.329 Loaded shared library C:\Users\58769084\.vscode\extensions\redhat.java-1.56.0-win32-x64\jre\21.0.12.1-win32-x86_64\bin\sunmscapi.dll
Event: 1341.474 Attempting to load shared library C:\Users\58769084\.vscode\extensions\redhat.java-1.56.0-win32-x64\jre\21.0.12.1-win32-x86_64\bin\extnet.dll
Event: 1341.476 Loaded shared library C:\Users\58769084\.vscode\extensions\redhat.java-1.56.0-win32-x64\jre\21.0.12.1-win32-x86_64\bin\extnet.dll

Deoptimization events (20 events):
Event: 1869.282 Thread 0x000001cefee747a0 DEOPT PACKING pc=0x000001ce88ff1b24 sp=0x000000b7153ff0d0
Event: 1869.282 Thread 0x000001cefee747a0 DEOPT UNPACKING pc=0x000001ce87583a9c sp=0x000000b7153ff088 mode 2
Event: 1869.309 Thread 0x000001cefee747a0 Uncommon trap: trap_request=0xffffffde fr.pc=0x000001ce88ff1b24 relative=0x0000000000000304
Event: 1869.309 Thread 0x000001cefee747a0 Uncommon trap: reason=class_check action=maybe_recompile pc=0x000001ce88ff1b24 method=java.io.DataOutputStream.writeByte(I)V @ 5 c2
Event: 1869.309 Thread 0x000001cefee747a0 DEOPT PACKING pc=0x000001ce88ff1b24 sp=0x000000b7153fef90
Event: 1869.309 Thread 0x000001cefee747a0 DEOPT UNPACKING pc=0x000001ce87583a9c sp=0x000000b7153fef38 mode 2
Event: 1869.309 Thread 0x000001cefee747a0 Uncommon trap: trap_request=0xffffffde fr.pc=0x000001ce88ff1b24 relative=0x0000000000000304
Event: 1869.309 Thread 0x000001cefee747a0 Uncommon trap: reason=class_check action=maybe_recompile pc=0x000001ce88ff1b24 method=java.io.DataOutputStream.writeByte(I)V @ 5 c2
Event: 1869.309 Thread 0x000001cefee747a0 DEOPT PACKING pc=0x000001ce88ff1b24 sp=0x000000b7153fef90
Event: 1869.309 Thread 0x000001cefee747a0 DEOPT UNPACKING pc=0x000001ce87583a9c sp=0x000000b7153fef38 mode 2
Event: 1869.309 Thread 0x000001cefee747a0 Uncommon trap: trap_request=0xffffffde fr.pc=0x000001ce88ff1b24 relative=0x0000000000000304
Event: 1869.309 Thread 0x000001cefee747a0 Uncommon trap: reason=class_check action=maybe_recompile pc=0x000001ce88ff1b24 method=java.io.DataOutputStream.writeByte(I)V @ 5 c2
Event: 1869.309 Thread 0x000001cefee747a0 DEOPT PACKING pc=0x000001ce88ff1b24 sp=0x000000b7153fef90
Event: 1869.309 Thread 0x000001cefee747a0 DEOPT UNPACKING pc=0x000001ce87583a9c sp=0x000000b7153fef38 mode 2
Event: 1869.580 Thread 0x000001cef8eac790 Uncommon trap: trap_request=0xffffffcc fr.pc=0x000001ce894c2df8 relative=0x0000000000001058
Event: 1869.580 Thread 0x000001cef8eac790 Uncommon trap: reason=intrinsic_or_type_checked_inlining action=make_not_entrant pc=0x000001ce894c2df8 method=org.eclipse.jdt.internal.compiler.lookup.InferenceContext18.createInitialConstraintsForParameters([Lorg/eclipse/jdt/internal/compiler/lookup/Type
Event: 1869.582 Thread 0x000001cef8eac790 DEOPT PACKING pc=0x000001ce894c2df8 sp=0x000000b714cfdc00
Event: 1869.583 Thread 0x000001cef8eac790 DEOPT UNPACKING pc=0x000001ce87583a9c sp=0x000000b714cfdba8 mode 2
Event: 1883.730 Thread 0x000001cefee74e30 DEOPT PACKING pc=0x000001ce8401e083 sp=0x000000b7150fdb00
Event: 1883.730 Thread 0x000001cefee74e30 DEOPT UNPACKING pc=0x000001ce87584223 sp=0x000000b7150fd010 mode 0

Classes loaded (20 events):
Event: 1691.879 Loading class com/sun/org/apache/xerces/internal/util/URI
Event: 1691.881 Loading class com/sun/org/apache/xerces/internal/util/URI done
Event: 1691.886 Loading class com/sun/org/apache/xerces/internal/impl/dtd/DTDGrammar
Event: 1691.889 Loading class com/sun/org/apache/xerces/internal/impl/validation/EntityState
Event: 1691.890 Loading class com/sun/org/apache/xerces/internal/impl/validation/EntityState done
Event: 1691.890 Loading class com/sun/org/apache/xerces/internal/xni/grammars/Grammar
Event: 1691.890 Loading class com/sun/org/apache/xerces/internal/xni/grammars/Grammar done
Event: 1691.890 Loading class com/sun/org/apache/xerces/internal/impl/dtd/DTDGrammar done
Event: 1691.891 Loading class com/sun/org/apache/xerces/internal/impl/dtd/models/ContentModelValidator
Event: 1691.891 Loading class com/sun/org/apache/xerces/internal/impl/dtd/models/ContentModelValidator done
Event: 1691.891 Loading class com/sun/org/apache/xerces/internal/impl/dtd/XMLContentSpec
Event: 1691.892 Loading class com/sun/org/apache/xerces/internal/impl/dtd/XMLContentSpec done
Event: 1691.894 Loading class com/sun/org/apache/xerces/internal/xni/XNIException
Event: 1691.894 Loading class com/sun/org/apache/xerces/internal/xni/XNIException done
Event: 1691.902 Loading class com/sun/org/apache/xerces/internal/xni/parser/XMLParseException
Event: 1691.904 Loading class com/sun/org/apache/xerces/internal/xni/parser/XMLParseException done
Event: 1691.925 Loading class org/xml/sax/SAXNotRecognizedException
Event: 1691.926 Loading class org/xml/sax/SAXNotRecognizedException done
Event: 1691.926 Loading class org/xml/sax/SAXNotSupportedException
Event: 1691.926 Loading class org/xml/sax/SAXNotSupportedException done

Classes unloaded (8 events):
Event: 15.399 Thread 0x000001cef02db420 Unloading class 0x000001ce901ab400 'java/lang/invoke/LambdaForm$MH+0x000001ce901ab400'
Event: 15.399 Thread 0x000001cef02db420 Unloading class 0x000001ce901ab000 'java/lang/invoke/LambdaForm$MH+0x000001ce901ab000'
Event: 15.399 Thread 0x000001cef02db420 Unloading class 0x000001ce901aac00 'java/lang/invoke/LambdaForm$MH+0x000001ce901aac00'
Event: 15.399 Thread 0x000001cef02db420 Unloading class 0x000001ce901aa800 'java/lang/invoke/LambdaForm$MH+0x000001ce901aa800'
Event: 15.399 Thread 0x000001cef02db420 Unloading class 0x000001ce901aa400 'java/lang/invoke/LambdaForm$BMH+0x000001ce901aa400'
Event: 15.399 Thread 0x000001cef02db420 Unloading class 0x000001ce901aa000 'java/lang/invoke/LambdaForm$DMH+0x000001ce901aa000'
Event: 15.399 Thread 0x000001cef02db420 Unloading class 0x000001ce901a8c00 'java/lang/invoke/LambdaForm$DMH+0x000001ce901a8c00'
Event: 31.637 Thread 0x000001cef02db420 Unloading class 0x000001ce9064c000 'java/lang/invoke/LambdaForm$MH+0x000001ce9064c000'

Classes redefined (0 events):
No events

Internal exceptions (20 events):
Event: 1820.599 Thread 0x000001cef8eadb40 Exception <a 'java/io/FileNotFoundException'{0x00000000d56fa588}> (0x00000000d56fa588) 
thrown [s\src\hotspot\share\prims\jni.cpp, line 520]
Event: 1821.813 Thread 0x000001cefe0ddc60 Implicit null exception at 0x000001ce8405a39b to 0x000001ce8405a955
Event: 1821.813 Thread 0x000001cefe0ddc60 Exception <a 'java/lang/NullPointerException'{0x00000000d5895318}> (0x00000000d5895318) 
thrown [s\src\hotspot\share\runtime\sharedRuntime.cpp, line 625]
Event: 1821.894 Thread 0x000001cefe0ddc60 Implicit null exception at 0x000001ce8405a39b to 0x000001ce8405a955
Event: 1821.894 Thread 0x000001cefe0ddc60 Exception <a 'java/lang/NullPointerException'{0x00000000d5711f00}> (0x00000000d5711f00) 
thrown [s\src\hotspot\share\runtime\sharedRuntime.cpp, line 625]
Event: 1862.240 Thread 0x000001cefee74e30 Implicit null exception at 0x000001ce884e4fcb to 0x000001ce884e5029
Event: 1862.240 Thread 0x000001cefee74e30 Implicit null exception at 0x000001ce88439279 to 0x000001ce884392ce
Event: 1869.223 Thread 0x000001cefee747a0 Exception <a 'sun/nio/fs/WindowsException'{0x00000000d55d6000}> (0x00000000d55d6000) 
thrown [s\src\hotspot\share\prims\jni.cpp, line 520]
Event: 1869.224 Thread 0x000001cefee747a0 Exception <a 'sun/nio/fs/WindowsException'{0x00000000d55d6e70}> (0x00000000d55d6e70) 
thrown [s\src\hotspot\share\prims\jni.cpp, line 520]
Event: 1869.389 Thread 0x000001cef8eadb40 Exception <a 'java/io/FileNotFoundException'{0x00000000d57842a0}> (0x00000000d57842a0) 
thrown [s\src\hotspot\share\prims\jni.cpp, line 520]
Event: 1870.292 Thread 0x000001cef8eadb40 Exception <a 'java/io/FileNotFoundException'{0x00000000d57b45e0}> (0x00000000d57b45e0) 
thrown [s\src\hotspot\share\prims\jni.cpp, line 520]
Event: 1871.660 Thread 0x000001cef8eadb40 Exception <a 'java/io/FileNotFoundException'{0x00000000d5601dc0}> (0x00000000d5601dc0) 
thrown [s\src\hotspot\share\prims\jni.cpp, line 520]
Event: 1873.370 Thread 0x000001cef8eadb40 Exception <a 'java/io/FileNotFoundException'{0x00000000d57fbca0}> (0x00000000d57fbca0) 
thrown [s\src\hotspot\share\prims\jni.cpp, line 520]
Event: 1883.046 Thread 0x000001cef8eadb40 Exception <a 'java/io/FileNotFoundException'{0x00000000d55cb160}> (0x00000000d55cb160) 
thrown [s\src\hotspot\share\prims\jni.cpp, line 520]
Event: 1883.464 Thread 0x000001cefee74e30 Implicit null exception at 0x000001ce8405a39b to 0x000001ce8405a955
Event: 1883.464 Thread 0x000001cefee74e30 Exception <a 'java/lang/NullPointerException'{0x00000000d5744078}> (0x00000000d5744078) 
thrown [s\src\hotspot\share\runtime\sharedRuntime.cpp, line 625]
Event: 1883.481 Thread 0x000001cef8eac100 Implicit null exception at 0x000001ce8405a39b to 0x000001ce8405a955
Event: 1883.481 Thread 0x000001cef8eac100 Exception <a 'java/lang/NullPointerException'{0x00000000d58a65c0}> (0x00000000d58a65c0) 
thrown [s\src\hotspot\share\runtime\sharedRuntime.cpp, line 625]
Event: 1883.965 Thread 0x000001cef8eadb40 Exception <a 'java/io/FileNotFoundException'{0x00000000d5635bb8}> (0x00000000d5635bb8) 
thrown [s\src\hotspot\share\prims\jni.cpp, line 520]
Event: 1884.271 Thread 0x000001cefe0db500 Exception <a 'java/io/FileNotFoundException'{0x00000000d558ac30}> (0x00000000d558ac30) 
thrown [s\src\hotspot\share\prims\jni.cpp, line 520]

ZGC Phase Switch (0 events):
No events

VM Operations (20 events):
Event: 1883.717 Executing safepoint VM operation: ParallelGCFailedAllocation (Allocation Failure)
Event: 1883.727 Executing safepoint VM operation: ParallelGCFailedAllocation (Allocation Failure) done
Event: 1883.744 Executing safepoint VM operation: ParallelGCFailedAllocation (Allocation Failure)
Event: 1883.751 Executing safepoint VM operation: ParallelGCFailedAllocation (Allocation Failure) done
Event: 1883.769 Executing safepoint VM operation: ParallelGCFailedAllocation (Allocation Failure)
Event: 1883.777 Executing safepoint VM operation: ParallelGCFailedAllocation (Allocation Failure) done
Event: 1883.814 Executing safepoint VM operation: ParallelGCFailedAllocation (Allocation Failure)
Event: 1883.821 Executing safepoint VM operation: ParallelGCFailedAllocation (Allocation Failure) done
Event: 1883.940 Executing safepoint VM operation: ParallelGCFailedAllocation (Allocation Failure)
Event: 1883.950 Executing safepoint VM operation: ParallelGCFailedAllocation (Allocation Failure) done
Event: 1884.016 Executing safepoint VM operation: ParallelGCFailedAllocation (Allocation Failure)
Event: 1884.030 Executing safepoint VM operation: ParallelGCFailedAllocation (Allocation Failure) done
Event: 1884.069 Executing safepoint VM operation: ParallelGCFailedAllocation (Allocation Failure)
Event: 1884.088 Executing safepoint VM operation: ParallelGCFailedAllocation (Allocation Failure) done
Event: 1884.147 Executing safepoint VM operation: ParallelGCFailedAllocation (Allocation Failure)
Event: 1884.165 Executing safepoint VM operation: ParallelGCFailedAllocation (Allocation Failure) done
Event: 1884.272 Executing safepoint VM operation: ParallelGCFailedAllocation (Allocation Failure)
Event: 1884.283 Executing safepoint VM operation: ParallelGCFailedAllocation (Allocation Failure) done
Event: 1884.315 Executing safepoint VM operation: ParallelGCFailedAllocation (Allocation Failure)
Event: 1884.322 Executing safepoint VM operation: ParallelGCFailedAllocation (Allocation Failure) done

Memory protections (0 events):
No events

Nmethod flushes (20 events):
Event: 91.994 Thread 0x000001cef02db420 flushing  nmethod 0x000001ce80f63510
Event: 91.994 Thread 0x000001cef02db420 flushing  nmethod 0x000001ce80f63a10
Event: 91.994 Thread 0x000001cef02db420 flushing  nmethod 0x000001ce80f64190
Event: 91.994 Thread 0x000001cef02db420 flushing  nmethod 0x000001ce80f64790
Event: 91.994 Thread 0x000001cef02db420 flushing  nmethod 0x000001ce80f6af90
Event: 91.994 Thread 0x000001cef02db420 flushing  nmethod 0x000001ce80f6b690
Event: 91.994 Thread 0x000001cef02db420 flushing  nmethod 0x000001ce80f70f10
Event: 91.994 Thread 0x000001cef02db420 flushing  nmethod 0x000001ce80fa1310
Event: 91.994 Thread 0x000001cef02db420 flushing  nmethod 0x000001ce80fa9890
Event: 91.994 Thread 0x000001cef02db420 flushing  nmethod 0x000001ce80fbbe10
Event: 91.994 Thread 0x000001cef02db420 flushing  nmethod 0x000001ce80fcad90
Event: 91.994 Thread 0x000001cef02db420 flushing  nmethod 0x000001ce80fcb290
Event: 91.994 Thread 0x000001cef02db420 flushing osr nmethod 0x000001ce80fcd210
Event: 91.994 Thread 0x000001cef02db420 flushing osr nmethod 0x000001ce80fd6890
Event: 91.994 Thread 0x000001cef02db420 flushing  nmethod 0x000001ce80fdae90
Event: 91.994 Thread 0x000001cef02db420 flushing  nmethod 0x000001ce80fdfc90
Event: 91.994 Thread 0x000001cef02db420 flushing  nmethod 0x000001ce80fe1510
Event: 91.994 Thread 0x000001cef02db420 flushing  nmethod 0x000001ce80fe2090
Event: 91.994 Thread 0x000001cef02db420 flushing  nmethod 0x000001ce80fe2890
Event: 91.994 Thread 0x000001cef02db420 flushing  nmethod 0x000001ce80fe7610

Events (20 events):
Event: 1881.657 Thread 0x000001cefe0dcf40 Thread exited: 0x000001cefe0dcf40
Event: 1881.669 Thread 0x000001cefe0dd5d0 Thread exited: 0x000001cefe0dd5d0
Event: 1882.191 Thread 0x000001cefee74e30 Thread added: 0x000001cefe0dcf40
Event: 1882.191 Thread 0x000001cefee74e30 Thread added: 0x000001cefe0dd5d0
Event: 1882.200 Thread 0x000001cefe0dcf40 Thread exited: 0x000001cefe0dcf40
Event: 1882.212 Thread 0x000001cefe0dd5d0 Thread exited: 0x000001cefe0dd5d0
Event: 1882.308 Thread 0x000001cefee74e30 Thread added: 0x000001cefe0dcf40
Event: 1882.316 Thread 0x000001cefe0dcf40 Thread exited: 0x000001cefe0dcf40
Event: 1882.480 Thread 0x000001cefee74e30 Thread added: 0x000001cefe0dcf40
Event: 1882.605 Thread 0x000001cefe0dcf40 Thread exited: 0x000001cefe0dcf40
Event: 1882.627 Thread 0x000001cefee74e30 Thread added: 0x000001cefe0dcf40
Event: 1882.636 Thread 0x000001cefe0dcf40 Thread exited: 0x000001cefe0dcf40
Event: 1882.643 Thread 0x000001cefee74e30 Thread added: 0x000001cefe0dcf40
Event: 1882.652 Thread 0x000001cefe0dcf40 Thread exited: 0x000001cefe0dcf40
Event: 1882.856 Thread 0x000001cefee74e30 Thread added: 0x000001cefe0dcf40
Event: 1882.861 Thread 0x000001cefe0dcf40 Thread exited: 0x000001cefe0dcf40
Event: 1882.963 Thread 0x000001cefee74e30 Thread added: 0x000001cefe0dcf40
Event: 1883.116 Thread 0x000001cefe0dcf40 Thread exited: 0x000001cefe0dcf40
Event: 1883.307 Thread 0x000001cefee74e30 Thread added: 0x000001cefe0dcf40
Event: 1883.380 Thread 0x000001cefe0dcf40 Thread exited: 0x000001cefe0dcf40


Dynamic libraries:
0x00007ff654880000 - 0x00007ff65488e000 	c:\Users\58769084\.vscode\extensions\redhat.java-1.56.0-win32-x64\jre\21.0.12.1-win32-x86_64\bin\java.exe
0x00007ffc67ed0000 - 0x00007ffc680c8000 	C:\WINDOWS\SYSTEM32\ntdll.dll
0x00007ffc66260000 - 0x00007ffc66322000 	C:\WINDOWS\System32\KERNEL32.DLL
0x00007ffc65560000 - 0x00007ffc65856000 	C:\WINDOWS\System32\KERNELBASE.dll
0x00007ffc65d30000 - 0x00007ffc65e30000 	C:\WINDOWS\System32\ucrtbase.dll
0x00007ffc39160000 - 0x00007ffc39178000 	c:\Users\58769084\.vscode\extensions\redhat.java-1.56.0-win32-x64\jre\21.0.12.1-win32-x86_64\bin\jli.dll
0x00007ffc65f90000 - 0x00007ffc66131000 	C:\WINDOWS\System32\USER32.dll
0x00007ffc65be0000 - 0x00007ffc65c02000 	C:\WINDOWS\System32\win32u.dll
0x00007ffc670c0000 - 0x00007ffc670eb000 	C:\WINDOWS\System32\GDI32.dll
0x00007ffc65c10000 - 0x00007ffc65d29000 	C:\WINDOWS\System32\gdi32full.dll
0x00007ffc65860000 - 0x00007ffc658fd000 	C:\WINDOWS\System32\msvcp_win.dll
0x00007ffc39140000 - 0x00007ffc3915e000 	c:\Users\58769084\.vscode\extensions\redhat.java-1.56.0-win32-x64\jre\21.0.12.1-win32-x86_64\bin\VCRUNTIME140.dll
0x00007ffc53320000 - 0x00007ffc535bb000 	C:\WINDOWS\WinSxS\amd64_microsoft.windows.common-controls_6595b64144ccf1df_6.0.19041.6456_none_60b8a6cb71f64256\COMCTL32.dll
0x00007ffc66be0000 - 0x00007ffc66c7e000 	C:\WINDOWS\System32\msvcrt.dll
0x00007ffc66c80000 - 0x00007ffc66caf000 	C:\WINDOWS\System32\IMM32.DLL
0x00007ffc3b8c0000 - 0x00007ffc3b8cc000 	c:\Users\58769084\.vscode\extensions\redhat.java-1.56.0-win32-x64\jre\21.0.12.1-win32-x86_64\bin\vcruntime140_1.dll
0x00007ffc38ec0000 - 0x00007ffc38f4d000 	c:\Users\58769084\.vscode\extensions\redhat.java-1.56.0-win32-x64\jre\21.0.12.1-win32-x86_64\bin\msvcp140.dll
0x00007ffbee030000 - 0x00007ffbeedd2000 	c:\Users\58769084\.vscode\extensions\redhat.java-1.56.0-win32-x64\jre\21.0.12.1-win32-x86_64\bin\server\jvm.dll
0x00007ffc66fa0000 - 0x00007ffc67051000 	C:\WINDOWS\System32\ADVAPI32.dll
0x00007ffc65ef0000 - 0x00007ffc65f8f000 	C:\WINDOWS\System32\sechost.dll
0x00007ffc66db0000 - 0x00007ffc66ed0000 	C:\WINDOWS\System32\RPCRT4.dll
0x00007ffc65e30000 - 0x00007ffc65e57000 	C:\WINDOWS\System32\bcrypt.dll
0x00007ffc665a0000 - 0x00007ffc6660b000 	C:\WINDOWS\System32\WS2_32.dll
0x00007ffc653c0000 - 0x00007ffc6540b000 	C:\WINDOWS\SYSTEM32\POWRPROF.dll
0x00007ffc50ec0000 - 0x00007ffc50ee7000 	C:\WINDOWS\SYSTEM32\WINMM.dll
0x00007ffc5e260000 - 0x00007ffc5e26a000 	C:\WINDOWS\SYSTEM32\VERSION.dll
0x00007ffc653a0000 - 0x00007ffc653b2000 	C:\WINDOWS\SYSTEM32\UMPDC.dll
0x00007ffc630a0000 - 0x00007ffc630b2000 	C:\WINDOWS\SYSTEM32\kernel.appcore.dll
0x00007ffc39100000 - 0x00007ffc3910a000 	c:\Users\58769084\.vscode\extensions\redhat.java-1.56.0-win32-x64\jre\21.0.12.1-win32-x86_64\bin\jimage.dll
0x00007ffc50f00000 - 0x00007ffc51101000 	C:\WINDOWS\SYSTEM32\DBGHELP.DLL
0x00007ffc450d0000 - 0x00007ffc45104000 	C:\WINDOWS\SYSTEM32\dbgcore.DLL
0x00007ffc65e60000 - 0x00007ffc65ee2000 	C:\WINDOWS\System32\bcryptPrimitives.dll
0x00007ffc390f0000 - 0x00007ffc390ff000 	c:\Users\58769084\.vscode\extensions\redhat.java-1.56.0-win32-x64\jre\21.0.12.1-win32-x86_64\bin\instrument.dll
0x00007ffc38ea0000 - 0x00007ffc38ec0000 	c:\Users\58769084\.vscode\extensions\redhat.java-1.56.0-win32-x64\jre\21.0.12.1-win32-x86_64\bin\java.dll
0x00007ffc67200000 - 0x00007ffc67970000 	C:\WINDOWS\System32\SHELL32.dll
0x00007ffc632a0000 - 0x00007ffc63a45000 	C:\WINDOWS\SYSTEM32\windows.storage.dll
0x00007ffc66740000 - 0x00007ffc66a94000 	C:\WINDOWS\System32\combase.dll
0x00007ffc64dd0000 - 0x00007ffc64dfb000 	C:\WINDOWS\SYSTEM32\Wldp.dll
0x00007ffc66ed0000 - 0x00007ffc66f9d000 	C:\WINDOWS\System32\OLEAUT32.dll
0x00007ffc67150000 - 0x00007ffc671fd000 	C:\WINDOWS\System32\SHCORE.dll
0x00007ffc66aa0000 - 0x00007ffc66afb000 	C:\WINDOWS\System32\shlwapi.dll
0x00007ffc65490000 - 0x00007ffc654b4000 	C:\WINDOWS\SYSTEM32\profapi.dll
0x00007ffc38e80000 - 0x00007ffc38e98000 	c:\Users\58769084\.vscode\extensions\redhat.java-1.56.0-win32-x64\jre\21.0.12.1-win32-x86_64\bin\zip.dll
0x00007ffc390e0000 - 0x00007ffc390f0000 	C:\Users\58769084\.vscode\extensions\redhat.java-1.56.0-win32-x64\jre\21.0.12.1-win32-x86_64\bin\net.dll
0x00007ffc64470000 - 0x00007ffc6457a000 	C:\WINDOWS\SYSTEM32\WINHTTP.dll
0x00007ffc64bb0000 - 0x00007ffc64c1a000 	C:\WINDOWS\system32\mswsock.dll
0x00007ffc38e60000 - 0x00007ffc38e76000 	C:\Users\58769084\.vscode\extensions\redhat.java-1.56.0-win32-x64\jre\21.0.12.1-win32-x86_64\bin\nio.dll
0x00007ffc38c10000 - 0x00007ffc38c20000 	c:\Users\58769084\.vscode\extensions\redhat.java-1.56.0-win32-x64\jre\21.0.12.1-win32-x86_64\bin\verify.dll
0x00007ffc3f960000 - 0x00007ffc3f9a5000 	C:\Users\58769084\AppData\Roaming\Code\User\globalStorage\redhat.java\1.56.0\config_win\org.eclipse.equinox.launcher\org.eclipse.equinox.launcher.win32.win32.x86_64_1.3.100.v20260804-1928\eclipse_11924.dll
0x00007ffc66610000 - 0x00007ffc6673b000 	C:\WINDOWS\System32\ole32.dll
0x00007ffc64e10000 - 0x00007ffc64e28000 	C:\WINDOWS\SYSTEM32\CRYPTSP.dll
0x00007ffc643e0000 - 0x00007ffc64418000 	C:\WINDOWS\system32\rsaenh.dll
0x00007ffc65410000 - 0x00007ffc6543e000 	C:\WINDOWS\SYSTEM32\USERENV.dll
0x00007ffc64d40000 - 0x00007ffc64d4c000 	C:\WINDOWS\SYSTEM32\CRYPTBASE.dll
0x00007ffc648b0000 - 0x00007ffc648eb000 	C:\WINDOWS\SYSTEM32\IPHLPAPI.DLL
0x00007ffc66590000 - 0x00007ffc66598000 	C:\WINDOWS\System32\NSI.dll
0x00007ffc511a0000 - 0x00007ffc511e9000 	C:\Users\58769084\AppData\Local\Temp\jna-1961452565\jna9887098642481253540.dll
0x00007ffc66cb0000 - 0x00007ffc66cb8000 	C:\WINDOWS\System32\PSAPI.DLL
0x00007ffc5d1e0000 - 0x00007ffc5d1f7000 	C:\WINDOWS\SYSTEM32\dhcpcsvc6.DLL
0x00007ffc5e070000 - 0x00007ffc5e08d000 	C:\WINDOWS\SYSTEM32\dhcpcsvc.DLL
0x00007ffc62710000 - 0x00007ffc6271e000 	C:\Users\58769084\.vscode\extensions\redhat.java-1.56.0-win32-x64\jre\21.0.12.1-win32-x86_64\bin\sunmscapi.dll
0x00007ffc65900000 - 0x00007ffc65a5d000 	C:\WINDOWS\System32\CRYPT32.dll
0x00007ffc64f20000 - 0x00007ffc64f47000 	C:\WINDOWS\SYSTEM32\ncrypt.dll
0x00007ffc64ee0000 - 0x00007ffc64f1b000 	C:\WINDOWS\SYSTEM32\NTASN1.dll
0x00007ffc62700000 - 0x00007ffc62707000 	C:\WINDOWS\system32\wshunix.dll
0x00007ffc62680000 - 0x00007ffc62689000 	C:\Users\58769084\.vscode\extensions\redhat.java-1.56.0-win32-x64\jre\21.0.12.1-win32-x86_64\bin\extnet.dll
0x00007ffc648f0000 - 0x00007ffc649ba000 	C:\WINDOWS\SYSTEM32\DNSAPI.dll
0x00007ffc55060000 - 0x00007ffc5506a000 	C:\Windows\System32\rasadhlp.dll
0x00007ffc552b0000 - 0x00007ffc55330000 	C:\WINDOWS\System32\fwpuclnt.dll

JVMTI agents:
c:\Users\58769084\.vscode\extensions\redhat.java-1.56.0-win32-x64\lombok\lombok-1.18.39-4050.jar path:c:\Users\58769084\.vscode\extensions\redhat.java-1.56.0-win32-x64\jre\21.0.12.1-win32-x86_64\bin\instrument.dll, loaded, initialized, instrumentlib options:none

dbghelp: loaded successfully - version: 4.0.5 - missing functions: none
symbol engine: initialized successfully - sym options: 0x614 - pdb path: .;c:\Users\58769084\.vscode\extensions\redhat.java-1.56.0-win32-x64\jre\21.0.12.1-win32-x86_64\bin;C:\WINDOWS\SYSTEM32;C:\WINDOWS\WinSxS\amd64_microsoft.windows.common-controls_6595b64144ccf1df_6.0.19041.6456_none_60b8a6cb71f64256;c:\Users\58769084\.vscode\extensions\redhat.java-1.56.0-win32-x64\jre\21.0.12.1-win32-x86_64\bin\server;C:\Users\58769084\AppData\Roaming\Code\User\globalStorage\redhat.java\1.56.0\config_win\org.eclipse.equinox.launcher\org.eclipse.equinox.launcher.win32.win32.x86_64_1.3.100.v20260804-1928;C:\Users\58769084\AppData\Local\Temp\jna-1961452565

VM Arguments:
jvm_args: --add-modules=ALL-SYSTEM --add-opens=java.base/java.util=ALL-UNNAMED --add-opens=java.base/java.lang=ALL-UNNAMED --add-opens=java.base/sun.nio.fs=ALL-UNNAMED -Declipse.application=org.eclipse.jdt.ls.core.id1 -Dosgi.bundles.defaultStartLevel=4 -Declipse.product=org.eclipse.jdt.ls.core.product -Djava.import.generatesMetadataFilesAtProjectRoot=false -Dm2e.project.cache.size=50 -DDetectVMInstallationsJob.disabled=true -Dfile.encoding=utf8 -XX:+UseParallelGC -XX:GCTimeRatio=4 -XX:AdaptiveSizePolicyWeight=90 -Dsun.zip.disableMemoryMapping=true -Xmx2G -Xms100m -Xlog:disable -javaagent:c:\Users\58769084\.vscode\extensions\redhat.java-1.56.0-win32-x64\lombok\lombok-1.18.39-4050.jar -XX:+HeapDumpOnOutOfMemoryError -XX:HeapDumpPath=c:\Users\58769084\AppData\Roaming\Code\User\workspaceStorage\f183437116053616420707e311afbfd2\redhat.java -Daether.dependencyCollector.impl=bf 
java_command: c:\Users\58769084\.vscode\extensions\redhat.java-1.56.0-win32-x64\server\plugins\org.eclipse.equinox.launcher_1.8.0.v20260804-1928.jar -configuration c:\Users\58769084\AppData\Roaming\Code\User\globalStorage\redhat.java\1.56.0\config_win -data c:\Users\58769084\AppData\Roaming\Code\User\workspaceStorage\f183437116053616420707e311afbfd2\redhat.java\jdt_ws --stdio
java_class_path (initial): c:\Users\58769084\.vscode\extensions\redhat.java-1.56.0-win32-x64\server\plugins\org.eclipse.equinox.launcher_1.8.0.v20260804-1928.jar
Launcher Type: SUN_STANDARD

[Global flags]
    uintx AdaptiveSizePolicyWeight                 = 90                                        {product} {command line}
     intx CICompilerCount                          = 2                                         {product} {ergonomic}
    uintx GCTimeRatio                              = 4                                         {product} {command line}
     bool HeapDumpOnOutOfMemoryError               = true                                   {manageable} {command line}
    ccstr HeapDumpPath                             = c:\Users\58769084\AppData\Roaming\Code\User\workspaceStorage\f183437116053616420707e311afbfd2\redhat.java         {manageable} {command line}
   size_t InitialHeapSize                          = 104857600                                 {product} {command line}
   size_t MaxHeapSize                              = 2147483648                                {product} {command line}
   size_t MaxNewSize                               = 715653120                                 {product} {ergonomic}
   size_t MinHeapDeltaBytes                        = 524288                                    {product} {ergonomic}
   size_t MinHeapSize                              = 104857600                                 {product} {command line}
   size_t NewSize                                  = 34603008                                  {product} {ergonomic}
    uintx NonNMethodCodeHeapSize                   = 5826188                                {pd product} {ergonomic}
    uintx NonProfiledCodeHeapSize                  = 122916026                              {pd product} {ergonomic}
   size_t OldSize                                  = 70254592                                  {product} {ergonomic}
    uintx ProfiledCodeHeapSize                     = 122916026                              {pd product} {ergonomic}
    uintx ReservedCodeCacheSize                    = 251658240                              {pd product} {ergonomic}
     bool SegmentedCodeCache                       = true                                      {product} {ergonomic}
   size_t SoftMaxHeapSize                          = 2147483648                             {manageable} {ergonomic}
     bool UseCompressedOops                        = true                           {product lp64_product} {ergonomic}
     bool UseLargePagesIndividualAllocation        = false                                  {pd product} {ergonomic}
     bool UseParallelGC                            = true                                      {product} {command line}

Logging:
Log output configuration:
 #0: stdout all=off uptime,level,tags foldmultilines=false
 #1: stderr all=off uptime,level,tags foldmultilines=false

Release file:
JAVA_VERSION="21.0.12.1" 
MODULES="java.base java.compiler java.datatransfer java.xml java.prefs java.desktop java.instrument java.logging java.management java.security.sasl java.naming java.rmi java.management.rmi java.net.http java.scripting java.security.jgss java.transaction.xa java.sql java.sql.rowset java.xml.crypto java.se java.smartcardio jdk.accessibility jdk.internal.jvmstat jdk.attach jdk.charsets jdk.internal.opt jdk.zipfs jdk.compiler jdk.crypto.ec jdk.crypto.cryptoki jdk.crypto.mscapi jdk.dynalink jdk.internal.ed jdk.editpad jdk.hotspot.agent jdk.httpserver jdk.internal.le jdk.internal.vm.ci jdk.internal.vm.compiler jdk.internal.vm.compiler.management jdk.jartool jdk.javadoc jdk.jcmd jdk.management jdk.management.agent jdk.jconsole jdk.jdeps jdk.jdwp.agent jdk.jdi jdk.jfr jdk.jshell jdk.jsobject jdk.jstatd jdk.localedata jdk.management.jfr jdk.naming.dns jdk.naming.rmi jdk.net jdk.nio.mapmode jdk.random jdk.sctp jdk.security.auth jdk.security.jgss jdk.unsupported jdk.unsupported.desktop jdk.xml.dom" 

Environment Variables:
JAVA_HOME=C:\Program Files\Eclipse Adoptium\jdk-17.0.20.101-hotspot
PATH=C:\Program Files\Eclipse Adoptium\jdk-17.0.20.101-hotspot\bin;C:\WINDOWS\system32;C:\WINDOWS;C:\WINDOWS\System32\Wbem;C:\WINDOWS\System32\WindowsPowerShell\v1.0\;C:\WINDOWS\System32\OpenSSH\;C:\Program Files\dotnet\;C:\Program Files\nodejs\;C:\Program Files\Git\cmd;C:\Users\58769084\AppData\Local\Microsoft\WindowsApps;C:\Users\58769084\AppData\Local\Programs\Microsoft VS Code\bin;C:\Users\58769084\Downloads\flutter_windows_3.44.1-stable\flutter\bin;C:\Users\58769084\Desktop\flutt\flutter\bin;C:\Users\58769084\AppData\Roaming\npm;C:\Program Files\Java\jdk-21.0.12.1\bin;C:\Users\58769084\Documents\apache-maven-3.9.16-bin\apache-maven-3.9.16\bin
USERNAME=58769084
OS=Windows_NT
PROCESSOR_IDENTIFIER=Intel64 Family 6 Model 122 Stepping 8, GenuineIntel
TMP=C:\Users\58769084\AppData\Local\Temp
TEMP=C:\Users\58769084\AppData\Local\Temp




Periodic native trim disabled

---------------  S Y S T E M  ---------------

OS:
 Windows 10 , 64 bit Build 19041 (10.0.19041.5915)
OS uptime: 0 days 1:01 hours
Hyper-V role detected

CPU: total 2 (initial active 2) (2 cores per cpu, 1 threads per core) family 6 model 122 stepping 8 microcode 0xc, cx8, cmov, fxsr, mmx, 3dnowpref, sse, sse2, sse3, ssse3, sse4.1, sse4.2, popcnt, tsc, tscinvbit, aes, erms, clmul, sha, clflush, clflushopt, hv, rdtscp, rdpid
Processor Information for the first 2 processors :
  Max Mhz: 1101, Current Mhz: 1101, Mhz Limit: 1101

Memory: 4k page, system-wide physical 3919M (326M free)
TotalPageFile size 11212M (AvailPageFile size 5M)
current process WorkingSet (physical memory assigned to process): 336M, peak: 574M
current process commit charge ("private bytes"): 1550M, peak: 1753M

vm_info: OpenJDK 64-Bit Server VM (21.0.12.1+1-LTS) for windows-amd64 JRE (21.0.12.1+1-LTS), built on 2026-08-18T00:00:00Z by "admin" with MS VC++ 17.12 (VS2022)

END.
