#
# There is insufficient memory for the Java Runtime Environment to continue.
# Native memory allocation (malloc) failed to allocate 143456 bytes. Error detail: Chunk::new
# Possible reasons:
#   The system is out of physical RAM or swap space
#   This process is running with CompressedOops enabled, and the Java Heap may be blocking the growth of the native heap
# Possible solutions:
#   Reduce memory load on the system
#   Increase physical memory or swap space
#   Check if swap backing store is full
#   Decrease Java heap size (-Xmx/-Xms)
#   Decrease number of Java threads
#   Decrease Java thread stack sizes (-Xss)
#   Set larger code cache with -XX:ReservedCodeCacheSize=
#   JVM is running with Unscaled Compressed Oops mode in which the Java heap is
#     placed in the first 4GB address space. The Java Heap base address is the
#     maximum limit for the native heap growth. Please use -XX:HeapBaseMinAddress
#     to set the Java Heap base and to place the Java Heap above 4GB virtual address.
# This output file may be truncated or incomplete.
#
#  Out of Memory Error (arena.cpp:191), pid=9424, tid=12148
#
# JRE version: OpenJDK Runtime Environment Temurin-17.0.20.1+1 (17.0.20.1+1) (build 17.0.20.1+1)
# Java VM: OpenJDK 64-Bit Server VM Temurin-17.0.20.1+1 (17.0.20.1+1, mixed mode, sharing, tiered, compressed oops, compressed class ptrs, g1 gc, windows-amd64)
# No core dump will be written. Minidumps are not enabled by default on client versions of Windows
#

---------------  S U M M A R Y ------------

Command Line: --enable-native-access=ALL-UNNAMED -Dclassworlds.conf=C:\Users\58769084\Documents\apache-maven-3.9.16-bin\apache-maven-3.9.16\bin\m2.conf -Dmaven.home=C:\Users\58769084\Documents\apache-maven-3.9.16-bin\apache-maven-3.9.16 -Dlibrary.jansi.path=C:\Users\58769084\Documents\apache-maven-3.9.16-bin\apache-maven-3.9.16\lib\jansi-native -Dmaven.multiModuleProjectDirectory=C:\Users\58769084\Documents\inventario-desktop org.codehaus.plexus.classworlds.launcher.Launcher clean package -DskipTests

Host: Intel(R) Celeron(R) N4020 CPU @ 1.10GHz, 2 cores, 3G,  Windows 10 , 64 bit Build 19041 (10.0.19041.5915)
Time: Fri Sep 18 14:56:48 2026 Hora estándar de Montevideo elapsed time: 2.991954 seconds (0d 0h 0m 2s)

---------------  T H R E A D  ---------------

Current thread (0x00000277e30901f0):  JavaThread "C2 CompilerThread0" daemon [_thread_in_native, id=12148, stack(0x000000ed8f700000,0x000000ed8f800000)]


Current CompileTask:
C2:2992 1698 %     4       java.lang.String::decodeUTF8_UTF16 @ 0 (624 bytes)

Stack: [0x000000ed8f700000,0x000000ed8f800000]
Native frames: (J=compiled Java code, j=interpreted, Vv=VM code, C=native code)
V  [jvm.dll+0x684d39]
V  [jvm.dll+0x83a565]
V  [jvm.dll+0x83bfde]
V  [jvm.dll+0x83c663]
V  [jvm.dll+0x2490cf]
V  [jvm.dll+0xad536]
V  [jvm.dll+0xadbdc]
V  [jvm.dll+0x368dbe]
V  [jvm.dll+0x1bc32f]
V  [jvm.dll+0x21a030]
V  [jvm.dll+0x21931f]
V  [jvm.dll+0x1a49e0]
V  [jvm.dll+0x229a6a]
V  [jvm.dll+0x227c1b]
V  [jvm.dll+0x7f0d18]
V  [jvm.dll+0x7eb17c]
V  [jvm.dll+0x683c07]
C  [ucrtbase.dll+0x21bb2]
C  [KERNEL32.DLL+0x17374]
C  [ntdll.dll+0x4cc91]


---------------  P R O C E S S  ---------------

Threads class SMR info:
_java_thread_list=0x00000277e39dd360, length=12, elements={
0x00000277c803e1b0, 0x00000277c80ef830, 0x00000277c80f0b90, 0x00000277e3084bb0,
0x00000277e3085770, 0x00000277e308a920, 0x00000277e308b2e0, 0x00000277e30901f0,
0x00000277e309b980, 0x00000277e30923e0, 0x00000277e32e8460, 0x00000277e32ed810
}

Java Threads: ( => current thread )
  0x00000277c803e1b0 JavaThread "main" [_thread_in_vm, id=5520, stack(0x000000ed8ea00000,0x000000ed8eb00000)]
  0x00000277c80ef830 JavaThread "Reference Handler" daemon [_thread_blocked, id=11676, stack(0x000000ed8f100000,0x000000ed8f200000)]
  0x00000277c80f0b90 JavaThread "Finalizer" daemon [_thread_blocked, id=6116, stack(0x000000ed8f200000,0x000000ed8f300000)]
  0x00000277e3084bb0 JavaThread "Signal Dispatcher" daemon [_thread_blocked, id=5824, stack(0x000000ed8f300000,0x000000ed8f400000)]
  0x00000277e3085770 JavaThread "Attach Listener" daemon [_thread_blocked, id=10628, stack(0x000000ed8f400000,0x000000ed8f500000)]
  0x00000277e308a920 JavaThread "Service Thread" daemon [_thread_blocked, id=6048, stack(0x000000ed8f500000,0x000000ed8f600000)]
  0x00000277e308b2e0 JavaThread "Monitor Deflation Thread" daemon [_thread_blocked, id=11172, stack(0x000000ed8f600000,0x000000ed8f700000)]
=>0x00000277e30901f0 JavaThread "C2 CompilerThread0" daemon [_thread_in_native, id=12148, stack(0x000000ed8f700000,0x000000ed8f800000)]
  0x00000277e309b980 JavaThread "C1 CompilerThread0" daemon [_thread_blocked, id=5920, stack(0x000000ed8f800000,0x000000ed8f900000)]
  0x00000277e30923e0 JavaThread "Sweeper thread" daemon [_thread_blocked, id=2924, stack(0x000000ed8f900000,0x000000ed8fa00000)]
  0x00000277e32e8460 JavaThread "Notification Thread" daemon [_thread_blocked, id=4136, stack(0x000000ed8fa00000,0x000000ed8fb00000)]
  0x00000277e32ed810 JavaThread "Common-Cleaner" daemon [_thread_blocked, id=7812, stack(0x000000ed8fc00000,0x000000ed8fd00000)]

Other Threads:
  0x00000277c80ea290 VMThread "VM Thread" [stack: 0x000000ed8f000000,0x000000ed8f100000] [id=12120]
  0x00000277e32ecd60 WatcherThread [stack: 0x000000ed8fb00000,0x000000ed8fc00000] [id=5916]
  0x00000277c8079800 GCTaskThread "GC Thread#0" [stack: 0x000000ed8eb00000,0x000000ed8ec00000] [id=9208]
  0x00000277e3743020 GCTaskThread "GC Thread#1" [stack: 0x000000ed8fd00000,0x000000ed8fe00000] [id=8376]
  0x00000277c80821d0 ConcurrentGCThread "G1 Main Marker" [stack: 0x000000ed8ec00000,0x000000ed8ed00000] [id=8044]
  0x00000277c8083390 ConcurrentGCThread "G1 Conc#0" [stack: 0x000000ed8ed00000,0x000000ed8ee00000] [id=6320]
  0x00000277c80b97f0 ConcurrentGCThread "G1 Refine#0" [stack: 0x000000ed8ee00000,0x000000ed8ef00000] [id=10564]
  0x00000277c80ba230 ConcurrentGCThread "G1 Service" [stack: 0x000000ed8ef00000,0x000000ed8f000000] [id=11832]

Threads with active compile tasks:
C2 CompilerThread0  3029 1698 %     4       java.lang.String::decodeUTF8_UTF16 @ 0 (624 bytes)

VM state: not at safepoint (normal execution)

VM Mutex/Monitor currently owned by a thread: None

Heap address: 0x00000000c2c00000, size: 980 MB, Compressed Oops mode: 32-bit

CDS archive(s) mapped at: [0x0000027780000000-0x0000027780bb0000-0x0000027780bb0000), size 12255232, SharedBaseAddress: 0x0000027780000000, ArchiveRelocationMode: 1.
Compressed class space mapped at: 0x0000027781000000-0x00000277c1000000, reserved size: 1073741824
Narrow klass base: 0x0000027780000000, Narrow klass shift: 0, Narrow klass range: 0x100000000

GC Precious Log:
 CPUs: 2 total, 2 available
 Memory: 3919M
 Large Page Support: Disabled
 NUMA Support: Disabled
 Compressed Oops: Enabled (32-bit)
 Heap Region Size: 1M
 Heap Min Capacity: 8M
 Heap Initial Capacity: 62M
 Heap Max Capacity: 980M
 Pre-touch: Disabled
 Parallel Workers: 2
 Concurrent Workers: 1
 Concurrent Refinement Workers: 2
 Periodic GC: Disabled

Heap:
 garbage-first heap   total 63488K, used 12916K [0x00000000c2c00000, 0x0000000100000000)
  region size 1024K, 12 young (12288K), 3 survivors (3072K)
 Metaspace       used 9525K, committed 9664K, reserved 1114112K
  class space    used 1156K, committed 1216K, reserved 1048576K

Heap Regions: E=young(eden), S=young(survivor), O=old, HS=humongous(starts), HC=humongous(continues), CS=collection set, F=free, OA=open archive, CA=closed archive, TAMS=top-at-mark-start (previous, next)
|   0|0x00000000c2c00000, 0x00000000c2d00000, 0x00000000c2d00000|100%| O|  |TAMS 0x00000000c2c00000, 0x00000000c2c00000| Untracked 
|   1|0x00000000c2d00000, 0x00000000c2e00000, 0x00000000c2e00000|100%| O|  |TAMS 0x00000000c2d00000, 0x00000000c2d00000| Untracked 
|   2|0x00000000c2e00000, 0x00000000c2e00000, 0x00000000c2f00000|  0%| F|  |TAMS 0x00000000c2e00000, 0x00000000c2e00000| Untracked 
|   3|0x00000000c2f00000, 0x00000000c2f00000, 0x00000000c3000000|  0%| F|  |TAMS 0x00000000c2f00000, 0x00000000c2f00000| Untracked 
|   4|0x00000000c3000000, 0x00000000c3000000, 0x00000000c3100000|  0%| F|  |TAMS 0x00000000c3000000, 0x00000000c3000000| Untracked 
|   5|0x00000000c3100000, 0x00000000c3100000, 0x00000000c3200000|  0%| F|  |TAMS 0x00000000c3100000, 0x00000000c3100000| Untracked 
|   6|0x00000000c3200000, 0x00000000c3200000, 0x00000000c3300000|  0%| F|  |TAMS 0x00000000c3200000, 0x00000000c3200000| Untracked 
|   7|0x00000000c3300000, 0x00000000c3300000, 0x00000000c3400000|  0%| F|  |TAMS 0x00000000c3300000, 0x00000000c3300000| Untracked 
|   8|0x00000000c3400000, 0x00000000c3400000, 0x00000000c3500000|  0%| F|  |TAMS 0x00000000c3400000, 0x00000000c3400000| Untracked 
|   9|0x00000000c3500000, 0x00000000c3500000, 0x00000000c3600000|  0%| F|  |TAMS 0x00000000c3500000, 0x00000000c3500000| Untracked 
|  10|0x00000000c3600000, 0x00000000c3600000, 0x00000000c3700000|  0%| F|  |TAMS 0x00000000c3600000, 0x00000000c3600000| Untracked 
|  11|0x00000000c3700000, 0x00000000c3700000, 0x00000000c3800000|  0%| F|  |TAMS 0x00000000c3700000, 0x00000000c3700000| Untracked 
|  12|0x00000000c3800000, 0x00000000c3800000, 0x00000000c3900000|  0%| F|  |TAMS 0x00000000c3800000, 0x00000000c3800000| Untracked 
|  13|0x00000000c3900000, 0x00000000c3900000, 0x00000000c3a00000|  0%| F|  |TAMS 0x00000000c3900000, 0x00000000c3900000| Untracked 
|  14|0x00000000c3a00000, 0x00000000c3a00000, 0x00000000c3b00000|  0%| F|  |TAMS 0x00000000c3a00000, 0x00000000c3a00000| Untracked 
|  15|0x00000000c3b00000, 0x00000000c3b00000, 0x00000000c3c00000|  0%| F|  |TAMS 0x00000000c3b00000, 0x00000000c3b00000| Untracked 
|  16|0x00000000c3c00000, 0x00000000c3c00000, 0x00000000c3d00000|  0%| F|  |TAMS 0x00000000c3c00000, 0x00000000c3c00000| Untracked 
|  17|0x00000000c3d00000, 0x00000000c3d00000, 0x00000000c3e00000|  0%| F|  |TAMS 0x00000000c3d00000, 0x00000000c3d00000| Untracked 
|  18|0x00000000c3e00000, 0x00000000c3e00000, 0x00000000c3f00000|  0%| F|  |TAMS 0x00000000c3e00000, 0x00000000c3e00000| Untracked 
|  19|0x00000000c3f00000, 0x00000000c3f00000, 0x00000000c4000000|  0%| F|  |TAMS 0x00000000c3f00000, 0x00000000c3f00000| Untracked 
|  20|0x00000000c4000000, 0x00000000c4000000, 0x00000000c4100000|  0%| F|  |TAMS 0x00000000c4000000, 0x00000000c4000000| Untracked 
|  21|0x00000000c4100000, 0x00000000c4100000, 0x00000000c4200000|  0%| F|  |TAMS 0x00000000c4100000, 0x00000000c4100000| Untracked 
|  22|0x00000000c4200000, 0x00000000c429d008, 0x00000000c4300000| 61%| S|CS|TAMS 0x00000000c4200000, 0x00000000c4200000| Complete 
|  23|0x00000000c4300000, 0x00000000c4400000, 0x00000000c4400000|100%| S|CS|TAMS 0x00000000c4300000, 0x00000000c4300000| Complete 
|  24|0x00000000c4400000, 0x00000000c4500000, 0x00000000c4500000|100%| S|CS|TAMS 0x00000000c4400000, 0x00000000c4400000| Complete 
|  25|0x00000000c4500000, 0x00000000c4500000, 0x00000000c4600000|  0%| F|  |TAMS 0x00000000c4500000, 0x00000000c4500000| Untracked 
|  26|0x00000000c4600000, 0x00000000c4600000, 0x00000000c4700000|  0%| F|  |TAMS 0x00000000c4600000, 0x00000000c4600000| Untracked 
|  27|0x00000000c4700000, 0x00000000c4700000, 0x00000000c4800000|  0%| F|  |TAMS 0x00000000c4700000, 0x00000000c4700000| Untracked 
|  28|0x00000000c4800000, 0x00000000c4800000, 0x00000000c4900000|  0%| F|  |TAMS 0x00000000c4800000, 0x00000000c4800000| Untracked 
|  29|0x00000000c4900000, 0x00000000c4900000, 0x00000000c4a00000|  0%| F|  |TAMS 0x00000000c4900000, 0x00000000c4900000| Untracked 
|  30|0x00000000c4a00000, 0x00000000c4a00000, 0x00000000c4b00000|  0%| F|  |TAMS 0x00000000c4a00000, 0x00000000c4a00000| Untracked 
|  31|0x00000000c4b00000, 0x00000000c4b00000, 0x00000000c4c00000|  0%| F|  |TAMS 0x00000000c4b00000, 0x00000000c4b00000| Untracked 
|  32|0x00000000c4c00000, 0x00000000c4c00000, 0x00000000c4d00000|  0%| F|  |TAMS 0x00000000c4c00000, 0x00000000c4c00000| Untracked 
|  33|0x00000000c4d00000, 0x00000000c4d00000, 0x00000000c4e00000|  0%| F|  |TAMS 0x00000000c4d00000, 0x00000000c4d00000| Untracked 
|  34|0x00000000c4e00000, 0x00000000c4e00000, 0x00000000c4f00000|  0%| F|  |TAMS 0x00000000c4e00000, 0x00000000c4e00000| Untracked 
|  35|0x00000000c4f00000, 0x00000000c4f00000, 0x00000000c5000000|  0%| F|  |TAMS 0x00000000c4f00000, 0x00000000c4f00000| Untracked 
|  36|0x00000000c5000000, 0x00000000c5000000, 0x00000000c5100000|  0%| F|  |TAMS 0x00000000c5000000, 0x00000000c5000000| Untracked 
|  37|0x00000000c5100000, 0x00000000c5100000, 0x00000000c5200000|  0%| F|  |TAMS 0x00000000c5100000, 0x00000000c5100000| Untracked 
|  38|0x00000000c5200000, 0x00000000c5200000, 0x00000000c5300000|  0%| F|  |TAMS 0x00000000c5200000, 0x00000000c5200000| Untracked 
|  39|0x00000000c5300000, 0x00000000c5300000, 0x00000000c5400000|  0%| F|  |TAMS 0x00000000c5300000, 0x00000000c5300000| Untracked 
|  40|0x00000000c5400000, 0x00000000c5400000, 0x00000000c5500000|  0%| F|  |TAMS 0x00000000c5400000, 0x00000000c5400000| Untracked 
|  41|0x00000000c5500000, 0x00000000c5500000, 0x00000000c5600000|  0%| F|  |TAMS 0x00000000c5500000, 0x00000000c5500000| Untracked 
|  42|0x00000000c5600000, 0x00000000c5600000, 0x00000000c5700000|  0%| F|  |TAMS 0x00000000c5600000, 0x00000000c5600000| Untracked 
|  43|0x00000000c5700000, 0x00000000c5700000, 0x00000000c5800000|  0%| F|  |TAMS 0x00000000c5700000, 0x00000000c5700000| Untracked 
|  44|0x00000000c5800000, 0x00000000c5800000, 0x00000000c5900000|  0%| F|  |TAMS 0x00000000c5800000, 0x00000000c5800000| Untracked 
|  45|0x00000000c5900000, 0x00000000c5900000, 0x00000000c5a00000|  0%| F|  |TAMS 0x00000000c5900000, 0x00000000c5900000| Untracked 
|  46|0x00000000c5a00000, 0x00000000c5a00000, 0x00000000c5b00000|  0%| F|  |TAMS 0x00000000c5a00000, 0x00000000c5a00000| Untracked 
|  47|0x00000000c5b00000, 0x00000000c5b00000, 0x00000000c5c00000|  0%| F|  |TAMS 0x00000000c5b00000, 0x00000000c5b00000| Untracked 
|  48|0x00000000c5c00000, 0x00000000c5c00000, 0x00000000c5d00000|  0%| F|  |TAMS 0x00000000c5c00000, 0x00000000c5c00000| Untracked 
|  49|0x00000000c5d00000, 0x00000000c5d00000, 0x00000000c5e00000|  0%| F|  |TAMS 0x00000000c5d00000, 0x00000000c5d00000| Untracked 
|  50|0x00000000c5e00000, 0x00000000c5e00000, 0x00000000c5f00000|  0%| F|  |TAMS 0x00000000c5e00000, 0x00000000c5e00000| Untracked 
|  51|0x00000000c5f00000, 0x00000000c5f00000, 0x00000000c6000000|  0%| F|  |TAMS 0x00000000c5f00000, 0x00000000c5f00000| Untracked 
|  52|0x00000000c6000000, 0x00000000c6000000, 0x00000000c6100000|  0%| F|  |TAMS 0x00000000c6000000, 0x00000000c6000000| Untracked 
|  53|0x00000000c6100000, 0x00000000c6200000, 0x00000000c6200000|100%| E|  |TAMS 0x00000000c6100000, 0x00000000c6100000| Complete 
|  54|0x00000000c6200000, 0x00000000c6300000, 0x00000000c6300000|100%| E|CS|TAMS 0x00000000c6200000, 0x00000000c6200000| Complete 
|  55|0x00000000c6300000, 0x00000000c6400000, 0x00000000c6400000|100%| E|CS|TAMS 0x00000000c6300000, 0x00000000c6300000| Complete 
|  56|0x00000000c6400000, 0x00000000c6500000, 0x00000000c6500000|100%| E|CS|TAMS 0x00000000c6400000, 0x00000000c6400000| Complete 
|  57|0x00000000c6500000, 0x00000000c6600000, 0x00000000c6600000|100%| E|CS|TAMS 0x00000000c6500000, 0x00000000c6500000| Complete 
|  58|0x00000000c6600000, 0x00000000c6700000, 0x00000000c6700000|100%| E|CS|TAMS 0x00000000c6600000, 0x00000000c6600000| Complete 
|  59|0x00000000c6700000, 0x00000000c6800000, 0x00000000c6800000|100%| E|CS|TAMS 0x00000000c6700000, 0x00000000c6700000| Complete 
|  60|0x00000000c6800000, 0x00000000c6900000, 0x00000000c6900000|100%| E|CS|TAMS 0x00000000c6800000, 0x00000000c6800000| Complete 
|  61|0x00000000c6900000, 0x00000000c6a00000, 0x00000000c6a00000|100%| E|CS|TAMS 0x00000000c6900000, 0x00000000c6900000| Complete 

Card table byte_map: [0x00000277debd0000,0x00000277dedc0000] _byte_map_base: 0x00000277de5ba000

Marking Bits (Prev, Next): (CMBitMap*) 0x00000277c8079e20, (CMBitMap*) 0x00000277c8079e60
 Prev Bits: [0x00000277defb0000, 0x00000277dff00000)
 Next Bits: [0x00000277dff00000, 0x00000277e0e50000)

Polling page: 0x00000277c7800000

Metaspace:

Usage:
  Non-class:      8.18 MB used.
      Class:      1.13 MB used.
       Both:      9.31 MB used.

Virtual space:
  Non-class space:       64.00 MB reserved,       8.25 MB ( 13%) committed,  1 nodes.
      Class space:        1.00 GB reserved,       1.19 MB ( <1%) committed,  1 nodes.
             Both:        1.06 GB reserved,       9.44 MB ( <1%) committed. 

Chunk freelists:
   Non-Class:  6.15 MB
       Class:  14.82 MB
        Both:  20.97 MB

MaxMetaspaceSize: unlimited
CompressedClassSpaceSize: 1.00 GB
Initial GC threshold: 21.00 MB
Current GC threshold: 21.00 MB
CDS: on
MetaspaceReclaimPolicy: balanced
 - commit_granule_bytes: 65536.
 - commit_granule_words: 8192.
 - virtual_space_node_default_size: 8388608.
 - enlarge_chunks_in_place: 1.
 - new_chunks_are_fully_committed: 0.
 - uncommit_free_chunks: 1.
 - use_allocation_guard: 0.
 - handle_deallocations: 1.


Internal statistics:

num_allocs_failed_limit: 0.
num_arena_births: 64.
num_arena_deaths: 0.
num_vsnodes_births: 2.
num_vsnodes_deaths: 0.
num_space_committed: 151.
num_space_uncommitted: 0.
num_chunks_returned_to_freelist: 0.
num_chunks_taken_from_freelist: 382.
num_chunk_merges: 0.
num_chunk_splits: 264.
num_chunks_enlarged: 211.
num_inconsistent_stats: 0.

CodeHeap 'non-profiled nmethods': size=120064Kb used=748Kb max_used=748Kb free=119316Kb
 bounds [0x00000277d7690000, 0x00000277d7900000, 0x00000277debd0000]
CodeHeap 'profiled nmethods': size=120000Kb used=3390Kb max_used=3390Kb free=116609Kb
 bounds [0x00000277cfbd0000, 0x00000277cff20000, 0x00000277d7100000]
CodeHeap 'non-nmethods': size=5696Kb used=1156Kb max_used=1181Kb free=4539Kb
 bounds [0x00000277d7100000, 0x00000277d7370000, 0x00000277d7690000]
 total_blobs=2158 nmethods=1712 adapters=360
 compilation: enabled
              stopped_count=0, restarted_count=0
 full_count=0

Compilation events (20 events):
Event: 2.941 Thread 0x00000277e309b980 nmethod 1691 0x00000277cff18c10 code [0x00000277cff18e00, 0x00000277cff19328]
Event: 2.943 Thread 0x00000277e30901f0 nmethod 1690 0x00000277d7748910 code [0x00000277d7748ac0, 0x00000277d7748e58]
Event: 2.947 Thread 0x00000277e30901f0 1692       4       java.util.WeakHashMap::hash (28 bytes)
Event: 2.948 Thread 0x00000277e30901f0 nmethod 1692 0x00000277d7749190 code [0x00000277d7749320, 0x00000277d7749438]
Event: 2.948 Thread 0x00000277e30901f0 1693   !   4       java.util.WeakHashMap::expungeStaleEntries (139 bytes)
Event: 2.948 Thread 0x00000277e309b980 1694       3       java.util.Collections$EmptySet::iterator (4 bytes)
Event: 2.948 Thread 0x00000277e309b980 nmethod 1694 0x00000277cff19510 code [0x00000277cff196c0, 0x00000277cff19838]
Event: 2.950 Thread 0x00000277e30901f0 nmethod 1693 0x00000277d7749510 code [0x00000277d77496a0, 0x00000277d77499a8]
Event: 2.952 Thread 0x00000277e309b980 1695       1       java.lang.reflect.Constructor::getSharedParameterTypes (5 bytes)
Event: 2.952 Thread 0x00000277e309b980 nmethod 1695 0x00000277d7749b10 code [0x00000277d7749ca0, 0x00000277d7749d78]
Event: 2.955 Thread 0x00000277e309b980 1696       3       com.google.common.collect.LexicographicalOrdering::compare (85 bytes)
Event: 2.956 Thread 0x00000277e309b980 nmethod 1696 0x00000277cff19910 code [0x00000277cff19b60, 0x00000277cff1a498]
Event: 2.965 Thread 0x00000277e30901f0 1697       4       jdk.internal.misc.Unsafe::allocateUninitializedArray (55 bytes)
Event: 2.967 Thread 0x00000277e30901f0 nmethod 1697 0x00000277d7749e10 code [0x00000277d7749fa0, 0x00000277d774a158]
Event: 2.969 Thread 0x00000277e30901f0 1698 %     4       java.lang.String::decodeUTF8_UTF16 @ 0 (624 bytes)
Event: 2.974 Thread 0x00000277e309b980 1699       3       com.google.inject.internal.Errors::size (27 bytes)
Event: 2.974 Thread 0x00000277e309b980 nmethod 1699 0x00000277cff1a710 code [0x00000277cff1a8c0, 0x00000277cff1aae8]
Event: 2.974 Thread 0x00000277e309b980 1700       3       com.google.inject.internal.Nullability::hasNullableAnnotation (49 bytes)
Event: 2.974 Thread 0x00000277e309b980 nmethod 1700 0x00000277cff1ac10 code [0x00000277cff1ae00, 0x00000277cff1b168]
Event: 2.984 Thread 0x00000277e309b980 1703       3       jdk.internal.reflect.Reflection::filter (163 bytes)

GC Heap History (8 events):
Event: 0.603 GC heap before
{Heap before GC invocations=0 (full 0):
 garbage-first heap   total 63488K, used 5120K [0x00000000c2c00000, 0x0000000100000000)
  region size 1024K, 6 young (6144K), 0 survivors (0K)
 Metaspace       used 1601K, committed 1792K, reserved 1114112K
  class space    used 137K, committed 256K, reserved 1048576K
}
Event: 0.650 GC heap after
{Heap after GC invocations=1 (full 0):
 garbage-first heap   total 63488K, used 2104K [0x00000000c2c00000, 0x0000000100000000)
  region size 1024K, 1 young (1024K), 1 survivors (1024K)
 Metaspace       used 1601K, committed 1792K, reserved 1114112K
  class space    used 137K, committed 256K, reserved 1048576K
}
Event: 0.963 GC heap before
{Heap before GC invocations=1 (full 0):
 garbage-first heap   total 63488K, used 6200K [0x00000000c2c00000, 0x0000000100000000)
  region size 1024K, 6 young (6144K), 1 survivors (1024K)
 Metaspace       used 2681K, committed 2816K, reserved 1114112K
  class space    used 260K, committed 320K, reserved 1048576K
}
Event: 0.967 GC heap after
{Heap after GC invocations=2 (full 0):
 garbage-first heap   total 63488K, used 3072K [0x00000000c2c00000, 0x0000000100000000)
  region size 1024K, 1 young (1024K), 1 survivors (1024K)
 Metaspace       used 2681K, committed 2816K, reserved 1114112K
  class space    used 260K, committed 320K, reserved 1048576K
}
Event: 1.379 GC heap before
{Heap before GC invocations=2 (full 0):
 garbage-first heap   total 63488K, used 13312K [0x00000000c2c00000, 0x0000000100000000)
  region size 1024K, 11 young (11264K), 1 survivors (1024K)
 Metaspace       used 5042K, committed 5184K, reserved 1114112K
  class space    used 596K, committed 704K, reserved 1048576K
}
Event: 1.383 GC heap after
{Heap after GC invocations=3 (full 0):
 garbage-first heap   total 63488K, used 3589K [0x00000000c2c00000, 0x0000000100000000)
  region size 1024K, 2 young (2048K), 2 survivors (2048K)
 Metaspace       used 5042K, committed 5184K, reserved 1114112K
  class space    used 596K, committed 704K, reserved 1048576K
}
Event: 2.610 GC heap before
{Heap before GC invocations=3 (full 0):
 garbage-first heap   total 63488K, used 39429K [0x00000000c2c00000, 0x0000000100000000)
  region size 1024K, 37 young (37888K), 2 survivors (2048K)
 Metaspace       used 8230K, committed 8384K, reserved 1114112K
  class space    used 997K, committed 1088K, reserved 1048576K
}
Event: 2.622 GC heap after
{Heap after GC invocations=4 (full 0):
 garbage-first heap   total 63488K, used 4724K [0x00000000c2c00000, 0x0000000100000000)
  region size 1024K, 3 young (3072K), 3 survivors (3072K)
 Metaspace       used 8230K, committed 8384K, reserved 1114112K
  class space    used 997K, committed 1088K, reserved 1048576K
}

Dll operation events (8 events):
Event: 0.010 Loaded shared library C:\Program Files\Eclipse Adoptium\jdk-17.0.20.101-hotspot\bin\java.dll
Event: 0.035 Loaded shared library C:\Program Files\Eclipse Adoptium\jdk-17.0.20.101-hotspot\bin\jsvml.dll
Event: 0.090 Loaded shared library C:\Program Files\Eclipse Adoptium\jdk-17.0.20.101-hotspot\bin\net.dll
Event: 0.093 Loaded shared library C:\Program Files\Eclipse Adoptium\jdk-17.0.20.101-hotspot\bin\nio.dll
Event: 0.098 Loaded shared library C:\Program Files\Eclipse Adoptium\jdk-17.0.20.101-hotspot\bin\zip.dll
Event: 0.450 Loaded shared library C:\Users\58769084\Documents\apache-maven-3.9.16-bin\apache-maven-3.9.16\lib\jansi-native\Windows\x86_64\jansi.dll
Event: 0.457 Loaded shared library C:\Program Files\Eclipse Adoptium\jdk-17.0.20.101-hotspot\bin\jimage.dll
Event: 0.496 Loaded shared library C:\Program Files\Eclipse Adoptium\jdk-17.0.20.101-hotspot\bin\verify.dll

Deoptimization events (20 events):
Event: 2.268 Thread 0x00000277c803e1b0 DEOPT PACKING pc=0x00000277cfe6bd08 sp=0x000000ed8eafdba0
Event: 2.268 Thread 0x00000277c803e1b0 DEOPT UNPACKING pc=0x00000277d7157124 sp=0x000000ed8eafd010 mode 0
Event: 2.277 Thread 0x00000277c803e1b0 DEOPT PACKING pc=0x00000277cfe6bd08 sp=0x000000ed8eafdba0
Event: 2.277 Thread 0x00000277c803e1b0 DEOPT UNPACKING pc=0x00000277d7157124 sp=0x000000ed8eafd010 mode 0
Event: 2.967 Thread 0x00000277c803e1b0 Uncommon trap: trap_request=0xffffffde fr.pc=0x00000277d774a0ac relative=0x000000000000010c
Event: 2.967 Thread 0x00000277c803e1b0 Uncommon trap: reason=class_check action=maybe_recompile pc=0x00000277d774a0ac method=jdk.internal.misc.Unsafe.allocateUninitializedArray(Ljava/lang/Class;I)Ljava/lang/Object; @ 51 c2
Event: 2.967 Thread 0x00000277c803e1b0 DEOPT PACKING pc=0x00000277d774a0ac sp=0x000000ed8eafcd20
Event: 2.967 Thread 0x00000277c803e1b0 DEOPT UNPACKING pc=0x00000277d715699d sp=0x000000ed8eafcca8 mode 2
Event: 2.967 Thread 0x00000277c803e1b0 Uncommon trap: trap_request=0xffffffde fr.pc=0x00000277d774a0ac relative=0x000000000000010c
Event: 2.967 Thread 0x00000277c803e1b0 Uncommon trap: reason=class_check action=maybe_recompile pc=0x00000277d774a0ac method=jdk.internal.misc.Unsafe.allocateUninitializedArray(Ljava/lang/Class;I)Ljava/lang/Object; @ 51 c2
Event: 2.967 Thread 0x00000277c803e1b0 DEOPT PACKING pc=0x00000277d774a0ac sp=0x000000ed8eafcd60
Event: 2.967 Thread 0x00000277c803e1b0 DEOPT UNPACKING pc=0x00000277d715699d sp=0x000000ed8eafcce8 mode 2
Event: 2.968 Thread 0x00000277c803e1b0 Uncommon trap: trap_request=0xffffffde fr.pc=0x00000277d774a0ac relative=0x000000000000010c
Event: 2.968 Thread 0x00000277c803e1b0 Uncommon trap: reason=class_check action=maybe_recompile pc=0x00000277d774a0ac method=jdk.internal.misc.Unsafe.allocateUninitializedArray(Ljava/lang/Class;I)Ljava/lang/Object; @ 51 c2
Event: 2.968 Thread 0x00000277c803e1b0 DEOPT PACKING pc=0x00000277d774a0ac sp=0x000000ed8eafca30
Event: 2.968 Thread 0x00000277c803e1b0 DEOPT UNPACKING pc=0x00000277d715699d sp=0x000000ed8eafc9b8 mode 2
Event: 2.968 Thread 0x00000277c803e1b0 Uncommon trap: trap_request=0xffffffde fr.pc=0x00000277d774a0ac relative=0x000000000000010c
Event: 2.968 Thread 0x00000277c803e1b0 Uncommon trap: reason=class_check action=maybe_recompile pc=0x00000277d774a0ac method=jdk.internal.misc.Unsafe.allocateUninitializedArray(Ljava/lang/Class;I)Ljava/lang/Object; @ 51 c2
Event: 2.968 Thread 0x00000277c803e1b0 DEOPT PACKING pc=0x00000277d774a0ac sp=0x000000ed8eafcd20
Event: 2.968 Thread 0x00000277c803e1b0 DEOPT UNPACKING pc=0x00000277d715699d sp=0x000000ed8eafcca8 mode 2

Classes loaded (20 events):
Event: 2.285 Loading class java/lang/Deprecated
Event: 2.285 Loading class java/lang/Deprecated done
Event: 2.448 Loading class sun/reflect/generics/tree/BottomSignature
Event: 2.448 Loading class sun/reflect/generics/tree/BottomSignature done
Event: 2.448 Loading class sun/reflect/generics/tree/Wildcard
Event: 2.448 Loading class sun/reflect/generics/tree/Wildcard done
Event: 2.449 Loading class sun/reflect/generics/reflectiveObjects/WildcardTypeImpl
Event: 2.449 Loading class sun/reflect/generics/reflectiveObjects/WildcardTypeImpl done
Event: 2.449 Loading class sun/reflect/annotation/AnnotatedTypeFactory$AnnotatedParameterizedTypeImpl
Event: 2.449 Loading class java/lang/reflect/AnnotatedParameterizedType
Event: 2.449 Loading class java/lang/reflect/AnnotatedParameterizedType done
Event: 2.449 Loading class sun/reflect/annotation/AnnotatedTypeFactory$AnnotatedParameterizedTypeImpl done
Event: 2.599 Loading class java/util/EventObject
Event: 2.599 Loading class java/util/EventObject done
Event: 2.660 Loading class java/util/concurrent/CompletionService
Event: 2.660 Loading class java/util/concurrent/CompletionService done
Event: 2.666 Loading class java/security/NoSuchAlgorithmException
Event: 2.666 Loading class java/security/GeneralSecurityException
Event: 2.666 Loading class java/security/GeneralSecurityException done
Event: 2.666 Loading class java/security/NoSuchAlgorithmException done

Classes unloaded (0 events):
No events

Classes redefined (0 events):
No events

Internal exceptions (20 events):
Event: 0.477 Thread 0x00000277c803e1b0 Exception <a 'java/lang/NullPointerException'{0x00000000c641c0b8}> (0x00000000c641c0b8) 
thrown [s\src\hotspot\share\interpreter\linkResolver.cpp, line 1350]
Event: 0.477 Thread 0x00000277c803e1b0 Exception <a 'java/lang/NullPointerException'{0x00000000c641c390}> (0x00000000c641c390) 
thrown [s\src\hotspot\share\interpreter\linkResolver.cpp, line 1350]
Event: 0.492 Thread 0x00000277c803e1b0 Exception <a 'sun/nio/fs/WindowsException'{0x00000000c6451c00}> (0x00000000c6451c00) 
thrown [s\src\hotspot\share\prims\jni.cpp, line 516]
Event: 0.493 Thread 0x00000277c803e1b0 Exception <a 'sun/nio/fs/WindowsException'{0x00000000c64522b8}> (0x00000000c64522b8) 
thrown [s\src\hotspot\share\prims\jni.cpp, line 516]
Event: 0.493 Thread 0x00000277c803e1b0 Exception <a 'sun/nio/fs/WindowsException'{0x00000000c6452828}> (0x00000000c6452828) 
thrown [s\src\hotspot\share\prims\jni.cpp, line 516]
Event: 0.493 Thread 0x00000277c803e1b0 Exception <a 'sun/nio/fs/WindowsException'{0x00000000c6452d38}> (0x00000000c6452d38) 
thrown [s\src\hotspot\share\prims\jni.cpp, line 516]
Event: 0.493 Thread 0x00000277c803e1b0 Exception <a 'sun/nio/fs/WindowsException'{0x00000000c6453200}> (0x00000000c6453200) 
thrown [s\src\hotspot\share\prims\jni.cpp, line 516]
Event: 0.531 Thread 0x00000277c803e1b0 Exception <a 'java/lang/NoSuchMethodError'{0x00000000c64aa1f8}: 'void java.lang.invoke.DirectMethodHandle$Holder.invokeVirtual(java.lang.Object, java.lang.Object)'> (0x00000000c64aa1f8) 
thrown [s\src\hotspot\share\interpreter\linkResolver.cpp, line 759]
Event: 0.538 Thread 0x00000277c803e1b0 Exception <a 'java/lang/NoSuchMethodError'{0x00000000c64c9938}: 'void java.lang.invoke.DirectMethodHandle$Holder.invokeStatic(java.lang.Object, java.lang.Object)'> (0x00000000c64c9938) 
thrown [s\src\hotspot\share\interpreter\linkResolver.cpp, line 759]
Event: 0.539 Thread 0x00000277c803e1b0 Exception <a 'java/lang/NoSuchMethodError'{0x00000000c64ccf38}: 'void java.lang.invoke.DirectMethodHandle$Holder.invokeStaticInit(java.lang.Object, java.lang.Object)'> (0x00000000c64ccf38) 
thrown [s\src\hotspot\share\interpreter\linkResolver.cpp, line 759]
Event: 0.573 Thread 0x00000277c803e1b0 Exception <a 'java/lang/NoSuchMethodError'{0x00000000c64f2118}: 'void java.lang.invoke.DirectMethodHandle$Holder.invokeSpecial(java.lang.Object, java.lang.Object, java.lang.Object, java.lang.Object, java.lang.Object)'> (0x00000000c64f2118) 
thrown [s\src\hotspot\share\interpreter\linkResolver.cpp, line 759]
Event: 0.683 Thread 0x00000277c803e1b0 Exception <a 'java/lang/NoSuchMethodError'{0x00000000c694ec88}: 'void java.lang.invoke.DirectMethodHandle$Holder.invokeStatic(java.lang.Object, java.lang.Object, java.lang.Object)'> (0x00000000c694ec88) 
thrown [s\src\hotspot\share\interpreter\linkResolver.cpp, line 759]
Event: 0.802 Thread 0x00000277c803e1b0 Exception <a 'java/lang/NoSuchMethodError'{0x00000000c6769ad8}: 'java.lang.Object java.lang.invoke.DirectMethodHandle$Holder.invokeSpecialIFC(java.lang.Object, java.lang.Object, java.lang.Object, java.lang.Object)'> (0x00000000c6769ad8) 
thrown [s\src\hotspot\share\interpreter\linkResolver.cpp, line 759]
Event: 1.184 Thread 0x00000277c803e1b0 Exception <a 'java/lang/NoSuchMethodError'{0x00000000c63347d0}: 'void java.lang.invoke.DirectMethodHandle$Holder.invokeSpecial(java.lang.Object, java.lang.Object, java.lang.Object)'> (0x00000000c63347d0) 
thrown [s\src\hotspot\share\interpreter\linkResolver.cpp, line 759]
Event: 1.240 Thread 0x00000277c803e1b0 Exception <a 'java/lang/NoSuchMethodError'{0x00000000c62ef2d8}: 'java.lang.Object java.lang.invoke.DirectMethodHandle$Holder.invokeInterface(java.lang.Object, java.lang.Object)'> (0x00000000c62ef2d8) 
thrown [s\src\hotspot\share\interpreter\linkResolver.cpp, line 759]
Event: 1.268 Thread 0x00000277c803e1b0 Exception <a 'java/lang/NoSuchMethodError'{0x00000000c61cc758}: 'java.lang.Object java.lang.invoke.Invokers$Holder.invokeExact_MT(java.lang.Object, java.lang.Object, java.lang.Object, java.lang.Object, java.lang.Object, java.lang.Object)'> (0x00000000c61cc758) 
thrown [s\src\hotspot\share\interpreter\linkResolver.cpp, line 759]
Event: 1.275 Thread 0x00000277c803e1b0 Exception <a 'java/lang/NoSuchMethodError'{0x00000000c61ddb98}: 'int java.lang.invoke.DirectMethodHandle$Holder.invokeSpecialIFC(java.lang.Object, java.lang.Object, java.lang.Object, java.lang.Object, java.lang.Object)'> (0x00000000c61ddb98) 
thrown [s\src\hotspot\share\interpreter\linkResolver.cpp, line 759]
Event: 1.388 Thread 0x00000277c803e1b0 Exception <a 'java/lang/NoSuchMethodError'{0x00000000c6910ab8}: 'java.lang.Object java.lang.invoke.DirectMethodHandle$Holder.newInvokeSpecial(java.lang.Object, java.lang.Object, java.lang.Object, java.lang.Object, java.lang.Object)'> (0x00000000c6910ab8) 
thrown [s\src\hotspot\share\interpreter\linkResolver.cpp, line 759]
Event: 1.459 Thread 0x00000277c803e1b0 Exception <a 'java/lang/NoSuchMethodError'{0x00000000c6872378}: 'int java.lang.invoke.DirectMethodHandle$Holder.invokeStaticInit(java.lang.Object, java.lang.Object)'> (0x00000000c6872378) 
thrown [s\src\hotspot\share\interpreter\linkResolver.cpp, line 759]
Event: 1.475 Thread 0x00000277c803e1b0 Exception <a 'java/lang/NoClassDefFoundError'{0x00000000c68de288}: javax/enterprise/inject/Typed> (0x00000000c68de288) 
thrown [s\src\hotspot\share\classfile\systemDictionary.cpp, line 246]

VM Operations (20 events):
Event: 0.466 Executing VM operation: HandshakeAllThreads
Event: 0.466 Executing VM operation: HandshakeAllThreads done
Event: 0.603 Executing VM operation: G1CollectForAllocation
Event: 0.650 Executing VM operation: G1CollectForAllocation done
Event: 0.846 Executing VM operation: HandshakeAllThreads
Event: 0.846 Executing VM operation: HandshakeAllThreads done
Event: 0.939 Executing VM operation: HandshakeAllThreads
Event: 0.939 Executing VM operation: HandshakeAllThreads done
Event: 0.963 Executing VM operation: G1CollectForAllocation
Event: 0.967 Executing VM operation: G1CollectForAllocation done
Event: 1.379 Executing VM operation: G1CollectForAllocation
Event: 1.383 Executing VM operation: G1CollectForAllocation done
Event: 2.504 Executing VM operation: HandshakeAllThreads
Event: 2.504 Executing VM operation: HandshakeAllThreads done
Event: 2.504 Executing VM operation: Cleanup
Event: 2.505 Executing VM operation: Cleanup done
Event: 2.610 Executing VM operation: G1CollectForAllocation
Event: 2.622 Executing VM operation: G1CollectForAllocation done
Event: 2.650 Executing VM operation: HandshakeAllThreads
Event: 2.651 Executing VM operation: HandshakeAllThreads done

Memory protections (0 events):
No events

Nmethod flushes (0 events):
No events

Events (14 events):
Event: 0.035 Thread 0x00000277c803e1b0 Thread added: 0x00000277c803e1b0
Event: 0.039 Thread 0x00000277c803e1b0 Thread added: 0x00000277c80ef830
Event: 0.039 Thread 0x00000277c803e1b0 Thread added: 0x00000277c80f0b90
Event: 0.054 Thread 0x00000277c803e1b0 Thread added: 0x00000277e3084bb0
Event: 0.054 Thread 0x00000277c803e1b0 Thread added: 0x00000277e3085770
Event: 0.054 Thread 0x00000277c803e1b0 Thread added: 0x00000277e308a920
Event: 0.054 Thread 0x00000277c803e1b0 Thread added: 0x00000277e308b2e0
Event: 0.054 Thread 0x00000277c803e1b0 Thread added: 0x00000277e30901f0
Event: 0.054 Thread 0x00000277c803e1b0 Thread added: 0x00000277e309b980
Event: 0.055 Thread 0x00000277c803e1b0 Thread added: 0x00000277e30923e0
Event: 0.082 Thread 0x00000277c803e1b0 Thread added: 0x00000277e32e8460
Event: 0.085 Thread 0x00000277c803e1b0 Thread added: 0x00000277e32ed810
Event: 0.445 Thread 0x00000277c803e1b0 Thread added: 0x00000277e350f620
Event: 0.490 Thread 0x00000277e350f620 Thread exited: 0x00000277e350f620


Dynamic libraries:
0x00007ff72d770000 - 0x00007ff72d77e000 	C:\Program Files\Eclipse Adoptium\jdk-17.0.20.101-hotspot\bin\java.exe
0x00007fff729f0000 - 0x00007fff72be8000 	C:\WINDOWS\SYSTEM32\ntdll.dll
0x00007fff718e0000 - 0x00007fff719a2000 	C:\WINDOWS\System32\KERNEL32.DLL
0x00007fff701c0000 - 0x00007fff704b6000 	C:\WINDOWS\System32\KERNELBASE.dll
0x00007fff70860000 - 0x00007fff70960000 	C:\WINDOWS\System32\ucrtbase.dll
0x00007fff66070000 - 0x00007fff66088000 	C:\Program Files\Eclipse Adoptium\jdk-17.0.20.101-hotspot\bin\jli.dll
0x00007fff715e0000 - 0x00007fff71781000 	C:\WINDOWS\System32\USER32.dll
0x00007fff70080000 - 0x00007fff700a2000 	C:\WINDOWS\System32\win32u.dll
0x00007fff715b0000 - 0x00007fff715db000 	C:\WINDOWS\System32\GDI32.dll
0x00007fff70620000 - 0x00007fff70739000 	C:\WINDOWS\System32\gdi32full.dll
0x00007fff70790000 - 0x00007fff7082d000 	C:\WINDOWS\System32\msvcp_win.dll
0x00007fff68dc0000 - 0x00007fff68dde000 	C:\Program Files\Eclipse Adoptium\jdk-17.0.20.101-hotspot\bin\VCRUNTIME140.dll
0x00007fff5e420000 - 0x00007fff5e6bb000 	C:\WINDOWS\WinSxS\amd64_microsoft.windows.common-controls_6595b64144ccf1df_6.0.19041.6456_none_60b8a6cb71f64256\COMCTL32.dll
0x00007fff72760000 - 0x00007fff727fe000 	C:\WINDOWS\System32\msvcrt.dll
0x00007fff70b50000 - 0x00007fff70b7f000 	C:\WINDOWS\System32\IMM32.DLL
0x00007fff68d90000 - 0x00007fff68d9c000 	C:\Program Files\Eclipse Adoptium\jdk-17.0.20.101-hotspot\bin\vcruntime140_1.dll
0x00007fff44f10000 - 0x00007fff44f9d000 	C:\Program Files\Eclipse Adoptium\jdk-17.0.20.101-hotspot\bin\msvcp140.dll
0x00007fff11460000 - 0x00007fff120cc000 	C:\Program Files\Eclipse Adoptium\jdk-17.0.20.101-hotspot\bin\server\jvm.dll
0x00007fff71000000 - 0x00007fff710b1000 	C:\WINDOWS\System32\ADVAPI32.dll
0x00007fff71510000 - 0x00007fff715af000 	C:\WINDOWS\System32\sechost.dll
0x00007fff713f0000 - 0x00007fff71510000 	C:\WINDOWS\System32\RPCRT4.dll
0x00007fff70830000 - 0x00007fff70857000 	C:\WINDOWS\System32\bcrypt.dll
0x00007fff71790000 - 0x00007fff717fb000 	C:\WINDOWS\System32\WS2_32.dll
0x00007fff6fee0000 - 0x00007fff6ff2b000 	C:\WINDOWS\SYSTEM32\POWRPROF.dll
0x00007fff5b760000 - 0x00007fff5b787000 	C:\WINDOWS\SYSTEM32\WINMM.dll
0x00007fff694b0000 - 0x00007fff694ba000 	C:\WINDOWS\SYSTEM32\VERSION.dll
0x00007fff6fec0000 - 0x00007fff6fed2000 	C:\WINDOWS\SYSTEM32\UMPDC.dll
0x00007fff6dbc0000 - 0x00007fff6dbd2000 	C:\WINDOWS\SYSTEM32\kernel.appcore.dll
0x00007fff68ca0000 - 0x00007fff68caa000 	C:\Program Files\Eclipse Adoptium\jdk-17.0.20.101-hotspot\bin\jimage.dll
0x00007fff5b810000 - 0x00007fff5ba11000 	C:\WINDOWS\SYSTEM32\DBGHELP.DLL
0x00007fff4ff80000 - 0x00007fff4ffb4000 	C:\WINDOWS\SYSTEM32\dbgcore.DLL
0x00007fff70130000 - 0x00007fff701b2000 	C:\WINDOWS\System32\bcryptPrimitives.dll
0x00007fff59b10000 - 0x00007fff59b35000 	C:\Program Files\Eclipse Adoptium\jdk-17.0.20.101-hotspot\bin\java.dll
0x00007fff44e30000 - 0x00007fff44f07000 	C:\Program Files\Eclipse Adoptium\jdk-17.0.20.101-hotspot\bin\jsvml.dll
0x00007fff71f00000 - 0x00007fff72670000 	C:\WINDOWS\System32\SHELL32.dll
0x00007fff6ddc0000 - 0x00007fff6e565000 	C:\WINDOWS\SYSTEM32\windows.storage.dll
0x00007fff719b0000 - 0x00007fff71d04000 	C:\WINDOWS\System32\combase.dll
0x00007fff6f8f0000 - 0x00007fff6f91b000 	C:\WINDOWS\SYSTEM32\Wldp.dll
0x00007fff71260000 - 0x00007fff7132d000 	C:\WINDOWS\System32\OLEAUT32.dll
0x00007fff711b0000 - 0x00007fff7125d000 	C:\WINDOWS\System32\SHCORE.dll
0x00007fff710c0000 - 0x00007fff7111b000 	C:\WINDOWS\System32\shlwapi.dll
0x00007fff6ffb0000 - 0x00007fff6ffd4000 	C:\WINDOWS\SYSTEM32\profapi.dll
0x00007fff5d1d0000 - 0x00007fff5d1ea000 	C:\Program Files\Eclipse Adoptium\jdk-17.0.20.101-hotspot\bin\net.dll
0x00007fff6ef90000 - 0x00007fff6f09a000 	C:\WINDOWS\SYSTEM32\WINHTTP.dll
0x00007fff6f6d0000 - 0x00007fff6f73a000 	C:\WINDOWS\system32\mswsock.dll
0x00007fff5c2a0000 - 0x00007fff5c2b6000 	C:\Program Files\Eclipse Adoptium\jdk-17.0.20.101-hotspot\bin\nio.dll
0x00007fff59af0000 - 0x00007fff59b08000 	C:\Program Files\Eclipse Adoptium\jdk-17.0.20.101-hotspot\bin\zip.dll
0x00007fff46df0000 - 0x00007fff46e14000 	C:\Users\58769084\Documents\apache-maven-3.9.16-bin\apache-maven-3.9.16\lib\jansi-native\Windows\x86_64\jansi.dll
0x00007fff66f70000 - 0x00007fff66f80000 	C:\Program Files\Eclipse Adoptium\jdk-17.0.20.101-hotspot\bin\verify.dll

dbghelp: loaded successfully - version: 4.0.5 - missing functions: none
symbol engine: initialized successfully - sym options: 0x614 - pdb path: .;C:\Program Files\Eclipse Adoptium\jdk-17.0.20.101-hotspot\bin;C:\WINDOWS\SYSTEM32;C:\WINDOWS\WinSxS\amd64_microsoft.windows.common-controls_6595b64144ccf1df_6.0.19041.6456_none_60b8a6cb71f64256;C:\Program Files\Eclipse Adoptium\jdk-17.0.20.101-hotspot\bin\server;C:\Users\58769084\Documents\apache-maven-3.9.16-bin\apache-maven-3.9.16\lib\jansi-native\Windows\x86_64

VM Arguments:
jvm_args: --enable-native-access=ALL-UNNAMED -Dclassworlds.conf=C:\Users\58769084\Documents\apache-maven-3.9.16-bin\apache-maven-3.9.16\bin\m2.conf -Dmaven.home=C:\Users\58769084\Documents\apache-maven-3.9.16-bin\apache-maven-3.9.16 -Dlibrary.jansi.path=C:\Users\58769084\Documents\apache-maven-3.9.16-bin\apache-maven-3.9.16\lib\jansi-native -Dmaven.multiModuleProjectDirectory=C:\Users\58769084\Documents\inventario-desktop 
java_command: org.codehaus.plexus.classworlds.launcher.Launcher clean package -DskipTests
java_class_path (initial): C:\Users\58769084\Documents\apache-maven-3.9.16-bin\apache-maven-3.9.16\boot\plexus-classworlds-2.11.0.jar
Launcher Type: SUN_STANDARD

[Global flags]
     intx CICompilerCount                          = 2                                         {product} {ergonomic}
     uint ConcGCThreads                            = 1                                         {product} {ergonomic}
     uint G1ConcRefinementThreads                  = 2                                         {product} {ergonomic}
   size_t G1HeapRegionSize                         = 1048576                                   {product} {ergonomic}
    uintx GCDrainStackTargetSize                   = 64                                        {product} {ergonomic}
   size_t InitialHeapSize                          = 65011712                                  {product} {ergonomic}
   size_t MarkStackSize                            = 4194304                                   {product} {ergonomic}
   size_t MaxHeapSize                              = 1027604480                                {product} {ergonomic}
   size_t MaxNewSize                               = 616562688                                 {product} {ergonomic}
   size_t MinHeapDeltaBytes                        = 1048576                                   {product} {ergonomic}
   size_t MinHeapSize                              = 8388608                                   {product} {ergonomic}
    uintx NonNMethodCodeHeapSize                   = 5826188                                {pd product} {ergonomic}
    uintx NonProfiledCodeHeapSize                  = 122916026                              {pd product} {ergonomic}
    uintx ProfiledCodeHeapSize                     = 122916026                              {pd product} {ergonomic}
    uintx ReservedCodeCacheSize                    = 251658240                              {pd product} {ergonomic}
     bool SegmentedCodeCache                       = true                                      {product} {ergonomic}
   size_t SoftMaxHeapSize                          = 1027604480                             {manageable} {ergonomic}
     bool UseCompressedClassPointers               = true                           {product lp64_product} {ergonomic}
     bool UseCompressedOops                        = true                           {product lp64_product} {ergonomic}
     bool UseG1GC                                  = true                                      {product} {ergonomic}
     bool UseLargePagesIndividualAllocation        = false                                  {pd product} {ergonomic}

Logging:
Log output configuration:
 #0: stdout all=warning uptime,level,tags
 #1: stderr all=off uptime,level,tags

Environment Variables:
JAVA_HOME=C:\Program Files\Eclipse Adoptium\jdk-17.0.20.101-hotspot
PATH=C:\Program Files\Eclipse Adoptium\jdk-17.0.20.101-hotspot\bin;C:\WINDOWS\system32;C:\WINDOWS;C:\WINDOWS\System32\Wbem;C:\WINDOWS\System32\WindowsPowerShell\v1.0\;C:\WINDOWS\System32\OpenSSH\;C:\Program Files\dotnet\;C:\Program Files\nodejs\;C:\Program Files\Git\cmd;C:\Users\58769084\AppData\Local\Microsoft\WindowsApps;C:\Users\58769084\AppData\Local\Programs\Microsoft VS Code\bin;C:\Users\58769084\Downloads\flutter_windows_3.44.1-stable\flutter\bin;C:\Users\58769084\Desktop\flutt\flutter\bin;C:\Users\58769084\AppData\Roaming\npm;C:\Program Files\Java\jdk-21.0.12.1\bin;C:\Users\58769084\Documents\apache-maven-3.9.16-bin\apache-maven-3.9.16\bin;c:\Users\58769084\.vscode\extensions\vscjava.vscode-java-debug-0.59.2026091007\bundled\scripts\noConfigScripts
USERNAME=58769084
LANG=en_US.UTF-8
OS=Windows_NT
PROCESSOR_IDENTIFIER=Intel64 Family 6 Model 122 Stepping 8, GenuineIntel
TMP=C:\Users\58769084\AppData\Local\Temp
TEMP=C:\Users\58769084\AppData\Local\Temp



Periodic native trim disabled


---------------  S Y S T E M  ---------------

OS:
 Windows 10 , 64 bit Build 19041 (10.0.19041.5915)
OS uptime: 0 days 3:08 hours
Hyper-V role detected

CPU: total 2 (initial active 2) (2 cores per cpu, 1 threads per core) family 6 model 122 stepping 8 microcode 0xc, cx8, cmov, fxsr, mmx, 3dnowpref, sse, sse2, sse3, ssse3, sse4.1, sse4.2, popcnt, tsc, tscinvbit, aes, erms, clmul, sha, clflush, clflushopt, hv
Processor Information for all 2 processors :
  Max Mhz: 1101, Current Mhz: 1101, Mhz Limit: 1101

Memory: 4k page, system-wide physical 3919M (526M free)
TotalPageFile size 10463M (AvailPageFile size 3M)
current process WorkingSet (physical memory assigned to process): 100M, peak: 100M
current process commit charge ("private bytes"): 151M, peak: 151M

vm_info: OpenJDK 64-Bit Server VM (17.0.20.1+1) for windows-amd64 JRE (17.0.20.1+1), built on Aug 18 2026 20:44:09 by "admin" with MS VC++ 17.12 (VS2022)

END.
